Archive member included to satisfy reference by file (symbol)

/opt/st/stm32cubeide_1.13.2/plugins/com.st.stm32cube.ide.mcu.externaltools.gnu-tools-for-stm32.11.3.rel1.linux64_1.1.1.202309131626/tools/bin/../lib/gcc/arm-none-eabi/11.3.1/../../../../arm-none-eabi/lib/thumb/v7-m/nofp/libstdc++_nano.a(del_ops.o)
                              ./Core/Src/Clock.o (operator delete(void*, unsigned int))
/opt/st/stm32cubeide_1.13.2/plugins/com.st.stm32cube.ide.mcu.externaltools.gnu-tools-for-stm32.11.3.rel1.linux64_1.1.1.202309131626/tools/bin/../lib/gcc/arm-none-eabi/11.3.1/../../../../arm-none-eabi/lib/thumb/v7-m/nofp/libstdc++_nano.a(new_op.o)
                              ./Core/Src/Pin.o (operator new(unsigned int))
/opt/st/stm32cubeide_1.13.2/plugins/com.st.stm32cube.ide.mcu.externaltools.gnu-tools-for-stm32.11.3.rel1.linux64_1.1.1.202309131626/tools/bin/../lib/gcc/arm-none-eabi/11.3.1/../../../../arm-none-eabi/lib/thumb/v7-m/nofp/libstdc++_nano.a(functional.o)
                              ./Core/Src/Gpio.o (std::__throw_bad_function_call())
/opt/st/stm32cubeide_1.13.2/plugins/com.st.stm32cube.ide.mcu.externaltools.gnu-tools-for-stm32.11.3.rel1.linux64_1.1.1.202309131626/tools/bin/../lib/gcc/arm-none-eabi/11.3.1/../../../../arm-none-eabi/lib/thumb/v7-m/nofp/libstdc++_nano.a(del_op.o)
                              /opt/st/stm32cubeide_1.13.2/plugins/com.st.stm32cube.ide.mcu.externaltools.gnu-tools-for-stm32.11.3.rel1.linux64_1.1.1.202309131626/tools/bin/../lib/gcc/arm-none-eabi/11.3.1/../../../../arm-none-eabi/lib/thumb/v7-m/nofp/libstdc++_nano.a(del_ops.o) (operator delete(void*))
/opt/st/stm32cubeide_1.13.2/plugins/com.st.stm32cube.ide.mcu.externaltools.gnu-tools-for-stm32.11.3.rel1.linux64_1.1.1.202309131626/tools/bin/../lib/gcc/arm-none-eabi/11.3.1/../../../../arm-none-eabi/lib/thumb/v7-m/nofp/libstdc++_nano.a(eh_exception.o)
                              /opt/st/stm32cubeide_1.13.2/plugins/com.st.stm32cube.ide.mcu.externaltools.gnu-tools-for-stm32.11.3.rel1.linux64_1.1.1.202309131626/tools/bin/../lib/gcc/arm-none-eabi/11.3.1/../../../../arm-none-eabi/lib/thumb/v7-m/nofp/libstdc++_nano.a(functional.o) (std::exception::~exception())
/opt/st/stm32cubeide_1.13.2/plugins/com.st.stm32cube.ide.mcu.externaltools.gnu-tools-for-stm32.11.3.rel1.linux64_1.1.1.202309131626/tools/bin/../lib/gcc/arm-none-eabi/11.3.1/../../../../arm-none-eabi/lib/thumb/v7-m/nofp/libstdc++_nano.a(new_handler.o)
                              /opt/st/stm32cubeide_1.13.2/plugins/com.st.stm32cube.ide.mcu.externaltools.gnu-tools-for-stm32.11.3.rel1.linux64_1.1.1.202309131626/tools/bin/../lib/gcc/arm-none-eabi/11.3.1/../../../../arm-none-eabi/lib/thumb/v7-m/nofp/libstdc++_nano.a(new_op.o) (std::get_new_handler())
/opt/st/stm32cubeide_1.13.2/plugins/com.st.stm32cube.ide.mcu.externaltools.gnu-tools-for-stm32.11.3.rel1.linux64_1.1.1.202309131626/tools/bin/../lib/gcc/arm-none-eabi/11.3.1/../../../../arm-none-eabi/lib/thumb/v7-m/nofp/libstdc++_nano.a(si_class_type_info.o)
                              /opt/st/stm32cubeide_1.13.2/plugins/com.st.stm32cube.ide.mcu.externaltools.gnu-tools-for-stm32.11.3.rel1.linux64_1.1.1.202309131626/tools/bin/../lib/gcc/arm-none-eabi/11.3.1/../../../../arm-none-eabi/lib/thumb/v7-m/nofp/libstdc++_nano.a(functional.o) (vtable for __cxxabiv1::__si_class_type_info)
/opt/st/stm32cubeide_1.13.2/plugins/com.st.stm32cube.ide.mcu.externaltools.gnu-tools-for-stm32.11.3.rel1.linux64_1.1.1.202309131626/tools/bin/../lib/gcc/arm-none-eabi/11.3.1/../../../../arm-none-eabi/lib/thumb/v7-m/nofp/libstdc++_nano.a(tinfo.o)
                              /opt/st/stm32cubeide_1.13.2/plugins/com.st.stm32cube.ide.mcu.externaltools.gnu-tools-for-stm32.11.3.rel1.linux64_1.1.1.202309131626/tools/bin/../lib/gcc/arm-none-eabi/11.3.1/../../../../arm-none-eabi/lib/thumb/v7-m/nofp/libstdc++_nano.a(si_class_type_info.o) (std::type_info::__is_pointer_p() const)
/opt/st/stm32cubeide_1.13.2/plugins/com.st.stm32cube.ide.mcu.externaltools.gnu-tools-for-stm32.11.3.rel1.linux64_1.1.1.202309131626/tools/bin/../lib/gcc/arm-none-eabi/11.3.1/../../../../arm-none-eabi/lib/thumb/v7-m/nofp/libstdc++_nano.a(class_type_info.o)
                              /opt/st/stm32cubeide_1.13.2/plugins/com.st.stm32cube.ide.mcu.externaltools.gnu-tools-for-stm32.11.3.rel1.linux64_1.1.1.202309131626/tools/bin/../lib/gcc/arm-none-eabi/11.3.1/../../../../arm-none-eabi/lib/thumb/v7-m/nofp/libstdc++_nano.a(si_class_type_info.o) (__cxxabiv1::__class_type_info::__do_upcast(__cxxabiv1::__class_type_info const*, void**) const)
/opt/st/stm32cubeide_1.13.2/plugins/com.st.stm32cube.ide.mcu.externaltools.gnu-tools-for-stm32.11.3.rel1.linux64_1.1.1.202309131626/tools/bin/../lib/gcc/arm-none-eabi/11.3.1/../../../../arm-none-eabi/lib/thumb/v7-m/nofp/libc_nano.a(libc_a-abort.o)
[...]
Memory Configuration

Name             Origin             Length             Attributes
RAM              0x0000000020000000 0x0000000000005000 xrw
FLASH            0x0000000008000000 0x0000000000010000 xr
*default*        0x0000000000000000 0xffffffffffffffff

Linker script and memory map

LOAD /opt/st/stm32cubeide_1.13.2/plugins/com.st.stm32cube.ide.mcu.externaltools.gnu-tools-for-stm32.11.3.rel1.linux64_1.1.1.202309131626/tools/bin/../lib/gcc/arm-none-eabi/11.3.1/thumb/v7-m/nofp/crti.o
LOAD /opt/st/stm32cubeide_1.13.2/plugins/com.st.stm32cube.ide.mcu.externaltools.gnu-tools-for-stm32.11.3.rel1.linux64_1.1.1.202309131626/tools/bin/../lib/gcc/arm-none-eabi/11.3.1/thumb/v7-m/nofp/crtbegin.o
LOAD /opt/st/stm32cubeide_1.13.2/plugins/com.st.stm32cube.ide.mcu.externaltools.gnu-tools-for-stm32.11.3.rel1.linux64_1.1.1.202309131626/tools/bin/../lib/gcc/arm-none-eabi/11.3.1/../../../../arm-none-eabi/lib/thumb/v7-m/nofp/crt0.o
LOAD ./Core/Src/Button.o
LOAD ./Core/Src/Clock.o
LOAD ./Core/Src/GPin.o
LOAD ./Core/Src/Gpio.o
LOAD ./Core/Src/Menu.o
LOAD ./Core/Src/Object.o
LOAD ./Core/Src/PWM.o
LOAD ./Core/Src/Pin.o
LOAD ./Core/Src/PinController.o
LOAD ./Core/Src/SoftwareTimer.o
LOAD ./Core/Src/Task.o
LOAD ./Core/Src/d_debug.o
LOAD ./Core/Src/d_main.o
LOAD ./Core/Src/freertos.o
LOAD ./Core/Src/gpio.o
LOAD ./Core/Src/main.o
LOAD ./Core/Src/rtc.o
LOAD ./Core/Src/stm32f1xx_hal_msp.o
LOAD ./Core/Src/stm32f1xx_hal_timebase_tim.o
LOAD ./Core/Src/stm32f1xx_it.o
LOAD ./Core/Src/syscalls.o
LOAD ./Core/Src/sysmem.o
LOAD ./Core/Src/system_stm32f1xx.o
LOAD ./Core/Src/tim.o
LOAD ./Core/Startup/startup_stm32f103c8tx.o
LOAD ./Drivers/STM32F1xx_HAL_Driver/Src/stm32f1xx_hal.o
LOAD ./Drivers/STM32F1xx_HAL_Driver/Src/stm32f1xx_hal_cortex.o
LOAD ./Drivers/STM32F1xx_HAL_Driver/Src/stm32f1xx_hal_dma.o
LOAD ./Drivers/STM32F1xx_HAL_Driver/Src/stm32f1xx_hal_exti.o
LOAD ./Drivers/STM32F1xx_HAL_Driver/Src/stm32f1xx_hal_flash.o
LOAD ./Drivers/STM32F1xx_HAL_Driver/Src/stm32f1xx_hal_flash_ex.o
LOAD ./Drivers/STM32F1xx_HAL_Driver/Src/stm32f1xx_hal_gpio.o
LOAD ./Drivers/STM32F1xx_HAL_Driver/Src/stm32f1xx_hal_gpio_ex.o
LOAD ./Drivers/STM32F1xx_HAL_Driver/Src/stm32f1xx_hal_pwr.o
LOAD ./Drivers/STM32F1xx_HAL_Driver/Src/stm32f1xx_hal_rcc.o
LOAD ./Drivers/STM32F1xx_HAL_Driver/Src/stm32f1xx_hal_rcc_ex.o
LOAD ./Drivers/STM32F1xx_HAL_Driver/Src/stm32f1xx_hal_rtc.o
LOAD ./Drivers/STM32F1xx_HAL_Driver/Src/stm32f1xx_hal_rtc_ex.o
LOAD ./Drivers/STM32F1xx_HAL_Driver/Src/stm32f1xx_hal_tim.o
LOAD ./Drivers/STM32F1xx_HAL_Driver/Src/stm32f1xx_hal_tim_ex.o
LOAD ./Middlewares/Third_Party/FreeRTOS/Source/CMSIS_RTOS_V2/cmsis_os2.o
LOAD ./Middlewares/Third_Party/FreeRTOS/Source/croutine.o
LOAD ./Middlewares/Third_Party/FreeRTOS/Source/event_groups.o
LOAD ./Middlewares/Third_Party/FreeRTOS/Source/list.o
LOAD ./Middlewares/Third_Party/FreeRTOS/Source/queue.o
LOAD ./Middlewares/Third_Party/FreeRTOS/Source/stream_buffer.o
LOAD ./Middlewares/Third_Party/FreeRTOS/Source/tasks.o
LOAD ./Middlewares/Third_Party/FreeRTOS/Source/timers.o
LOAD ./Middlewares/Third_Party/FreeRTOS/Source/portable/GCC/ARM_CM3/port.o
LOAD ./Middlewares/Third_Party/FreeRTOS/Source/portable/MemMang/heap_3.o
START GROUP
LOAD /opt/st/stm32cubeide_1.13.2/plugins/com.st.stm32cube.ide.mcu.externaltools.gnu-tools-for-stm32.11.3.rel1.linux64_1.1.1.202309131626/tools/bin/../lib/gcc/arm-none-eabi/11.3.1/../../../../arm-none-eabi/lib/thumb/v7-m/nofp/libstdc++_nano.a
LOAD /opt/st/stm32cubeide_1.13.2/plugins/com.st.stm32cube.ide.mcu.externaltools.gnu-tools-for-stm32.11.3.rel1.linux64_1.1.1.202309131626/tools/bin/../lib/gcc/arm-none-eabi/11.3.1/../../../../arm-none-eabi/lib/thumb/v7-m/nofp/libsupc++_nano.a
END GROUP
LOAD /opt/st/stm32cubeide_1.13.2/plugins/com.st.stm32cube.ide.mcu.externaltools.gnu-tools-for-stm32.11.3.rel1.linux64_1.1.1.202309131626/tools/bin/../lib/gcc/arm-none-eabi/11.3.1/../../../../arm-none-eabi/lib/thumb/v7-m/nofp/libstdc++_nano.a
LOAD /opt/st/stm32cubeide_1.13.2/plugins/com.st.stm32cube.ide.mcu.externaltools.gnu-tools-for-stm32.11.3.rel1.linux64_1.1.1.202309131626/tools/bin/../lib/gcc/arm-none-eabi/11.3.1/../../../../arm-none-eabi/lib/thumb/v7-m/nofp/libm.a
LOAD /opt/st/stm32cubeide_1.13.2/plugins/com.st.stm32cube.ide.mcu.externaltools.gnu-tools-for-stm32.11.3.rel1.linux64_1.1.1.202309131626/tools/bin/../lib/gcc/arm-none-eabi/11.3.1/../../../../arm-none-eabi/lib/thumb/v7-m/nofp/libc_nano.a
START GROUP
LOAD /opt/st/stm32cubeide_1.13.2/plugins/com.st.stm32cube.ide.mcu.externaltools.gnu-tools-for-stm32.11.3.rel1.linux64_1.1.1.202309131626/tools/bin/../lib/gcc/arm-none-eabi/11.3.1/thumb/v7-m/nofp/libgcc.a
LOAD /opt/st/stm32cubeide_1.13.2/plugins/com.st.stm32cube.ide.mcu.externaltools.gnu-tools-for-stm32.11.3.rel1.linux64_1.1.1.202309131626/tools/bin/../lib/gcc/arm-none-eabi/11.3.1/../../../../arm-none-eabi/lib/thumb/v7-m/nofp/libc_nano.a
END GROUP
START GROUP
LOAD /opt/st/stm32cubeide_1.13.2/plugins/com.st.stm32cube.ide.mcu.externaltools.gnu-tools-for-stm32.11.3.rel1.linux64_1.1.1.202309131626/tools/bin/../lib/gcc/arm-none-eabi/11.3.1/thumb/v7-m/nofp/libgcc.a
LOAD /opt/st/stm32cubeide_1.13.2/plugins/com.st.stm32cube.ide.mcu.externaltools.gnu-tools-for-stm32.11.3.rel1.linux64_1.1.1.202309131626/tools/bin/../lib/gcc/arm-none-eabi/11.3.1/../../../../arm-none-eabi/lib/thumb/v7-m/nofp/libc_nano.a
END GROUP
LOAD /opt/st/stm32cubeide_1.13.2/plugins/com.st.stm32cube.ide.mcu.externaltools.gnu-tools-for-stm32.11.3.rel1.linux64_1.1.1.202309131626/tools/bin/../lib/gcc/arm-none-eabi/11.3.1/thumb/v7-m/nofp/crtend.o
LOAD /opt/st/stm32cubeide_1.13.2/plugins/com.st.stm32cube.ide.mcu.externaltools.gnu-tools-for-stm32.11.3.rel1.linux64_1.1.1.202309131626/tools/bin/../lib/gcc/arm-none-eabi/11.3.1/thumb/v7-m/nofp/crtn.o
                0x0000000020005000                _estack = (ORIGIN (RAM) + LENGTH (RAM))
                0x0000000000000700                _Min_Heap_Size = 0x700
                0x0000000000000200                _Min_Stack_Size = 0x200

.isr_vector     0x0000000008000000      0x10c
                0x0000000008000000                . = ALIGN (0x4)
 *(.isr_vector)
 .isr_vector    0x0000000008000000      0x10c ./Core/Startup/startup_stm32f103c8tx.o
                0x0000000008000000                g_pfnVectors
                0x000000000800010c                . = ALIGN (0x4)

.text           0x0000000008000110     0x946c
                0x0000000008000110                . = ALIGN (0x4)
 *(.text)
 .text          0x0000000008000110       0x40 /opt/st/stm32cubeide_1.13.2/plugins/com.st.stm32cube.ide.mcu.externaltools.gnu-tools-for-stm32.11.3.rel1.linux64_1.1.1.202309131626/tools/bin/../lib/gcc/arm-none-eabi/11.3.1/thumb/v7-m/nofp/crtbegin.o
 .text          0x0000000008000150       0x40 /opt/st/stm32cubeide_1.13.2/plugins/com.st.stm32cube.ide.mcu.externaltools.gnu-tools-for-stm32.11.3.rel1.linux64_1.1.1.202309131626/tools/bin/../lib/gcc/arm-none-eabi/11.3.1/thumb/v7-m/nofp/libgcc.a(_arm_fixunssfsi.o)
                0x0000000008000150                __aeabi_f2uiz
                0x0000000008000150                __fixunssfsi
 *(.text*)
 .text._ZN4TaskD2Ev
                0x0000000008000190       0x24 ./Core/Src/Clock.o
                0x0000000008000190                Task::~Task()
                0x0000000008000190                Task::~Task()
 .text._ZN4TaskD0Ev
                0x00000000080001b4       0x20 ./Core/Src/Clock.o
                0x00000000080001b4                Task::~Task()
 .text._ZN5ClockC2EP17RTC_HandleTypeDefR3PWMR13PinControllerS5_S5_S5_S5_S5_S5_PKc
                0x00000000080001d4      0x12c ./Core/Src/Clock.o
                0x00000000080001d4                Clock::Clock(RTC_HandleTypeDef*, PWM&, PinController&, PinController&, PinController&, PinController&, PinController&, PinController&, PinController&, char const*)
                0x00000000080001d4                Clock::Clock(RTC_HandleTypeDef*, PWM&, PinController&, PinController&, PinController&, PinController&, PinController&, PinController&, PinController&, char const*)
 .text._ZN5Clock3runEv
                0x0000000008000300      0x340 ./Core/Src/Clock.o
                0x0000000008000300                Clock::run()
 .text._ZN5Clock8dataSendEv
                0x0000000008000640      0x394 ./Core/Src/Clock.o
                0x0000000008000640                Clock::dataSend()
 .text._ZN5ClockD2Ev
                0x00000000080009d4       0x24 ./Core/Src/Clock.o
                0x00000000080009d4                Clock::~Clock()
                0x00000000080009d4                Clock::~Clock()
 .text._ZN5ClockD0Ev
                0x00000000080009f8       0x22 ./Core/Src/Clock.o
                0x00000000080009f8                Clock::~Clock()
 .text._ZNSt14_Function_baseD2Ev
                0x0000000008000a1a       0x26 ./Core/Src/GPin.o
                0x0000000008000a1a                std::_Function_base::~_Function_base()
                0x0000000008000a1a                std::_Function_base::~_Function_base()
 .text._ZN3PinD2Ev
                0x0000000008000a40       0x30 ./Core/Src/GPin.o
                0x0000000008000a40                Pin::~Pin()
                0x0000000008000a40                Pin::~Pin()
 .text._ZN3PinD0Ev
                0x0000000008000a70       0x20 ./Core/Src/GPin.o
                0x0000000008000a70                Pin::~Pin()
 .text._ZN4GPinC2EP12GPIO_TypeDeft13GPIO_PinState
                0x0000000008000a90       0x4c ./Core/Src/GPin.o
                0x0000000008000a90                GPin::GPin(GPIO_TypeDef*, unsigned short, GPIO_PinState)
                0x0000000008000a90                GPin::GPin(GPIO_TypeDef*, unsigned short, GPIO_PinState)
 .text._ZN4GPin4turnEb
                0x0000000008000adc       0x56 ./Core/Src/GPin.o
                0x0000000008000adc                GPin::turn(bool)
 *fill*         0x0000000008000b32        0x2 
 .text._ZN4GPinD2Ev
                0x0000000008000b34       0x24 ./Core/Src/GPin.o
                0x0000000008000b34                GPin::~GPin()
                0x0000000008000b34                GPin::~GPin()
 .text._ZN4GPinD0Ev
                0x0000000008000b58       0x20 ./Core/Src/GPin.o
                0x0000000008000b58                GPin::~GPin()
 .text._ZNSt8functionIFvvEED2Ev
                0x0000000008000b78       0x1a ./Core/Src/GPin.o
                0x0000000008000b78                std::function<void ()>::~function()
                0x0000000008000b78                std::function<void ()>::~function()
 *fill*         0x0000000008000b92        0x2 
 .text._ZN13SoftwareTimerD2Ev
                0x0000000008000b94       0x30 ./Core/Src/GPin.o
                0x0000000008000b94                SoftwareTimer::~SoftwareTimer()
                0x0000000008000b94                SoftwareTimer::~SoftwareTimer()
 .text._ZN13SoftwareTimerD0Ev
                0x0000000008000bc4       0x20 ./Core/Src/GPin.o
                0x0000000008000bc4                SoftwareTimer::~SoftwareTimer()
 .text._ZNKSt14_Function_base8_M_emptyEv
                0x0000000008000be4       0x20 ./Core/Src/Gpio.o
                0x0000000008000be4                std::_Function_base::_M_empty() const
 .text._ZN4Gpio10pinToIndexEt
                0x0000000008000c04       0x40 ./Core/Src/Gpio.o
                0x0000000008000c04                Gpio::pinToIndex(unsigned short)
 .text._ZNK4Gpio7useExtiEv
                0x0000000008000c44       0x1c ./Core/Src/Gpio.o
                0x0000000008000c44                Gpio::useExti() const
 .text._ZN4Gpio6StaticC2Ev
                0x0000000008000c60       0x34 ./Core/Src/Gpio.o
                0x0000000008000c60                Gpio::Static::Static()
                0x0000000008000c60                Gpio::Static::Static()
 .text._ZN4GpioC2EP12GPIO_TypeDeftSt8functionIFvvEE
                0x0000000008000c94       0x94 ./Core/Src/Gpio.o
                0x0000000008000c94                Gpio::Gpio(GPIO_TypeDef*, unsigned short, std::function<void ()>)
                0x0000000008000c94                Gpio::Gpio(GPIO_TypeDef*, unsigned short, std::function<void ()>)
 .text._ZN4Gpio8getStateEv
                0x0000000008000d28       0x2c ./Core/Src/Gpio.o
                0x0000000008000d28                Gpio::getState()
 .text._ZN4Gpio6onExtiEv
                0x0000000008000d54       0x2a ./Core/Src/Gpio.o
                0x0000000008000d54                Gpio::onExti()
 *fill*         0x0000000008000d7e        0x2 
 .text.HAL_GPIO_EXTI_Callback
                0x0000000008000d80       0x50 ./Core/Src/Gpio.o
                0x0000000008000d80                HAL_GPIO_EXTI_Callback
 .text._ZNKSt8functionIFvvEEcvbEv
                0x0000000008000dd0       0x20 ./Core/Src/Gpio.o
                0x0000000008000dd0                std::function<void ()>::operator bool() const
 .text._ZNSt14_Function_baseC2Ev
                0x0000000008000df0       0x24 ./Core/Src/Gpio.o
                0x0000000008000df0                std::_Function_base::_Function_base()
                0x0000000008000df0                std::_Function_base::_Function_base()
 .text._ZNSt8functionIFvvEEC2ERKS1_
                0x0000000008000e14       0x56 ./Core/Src/Gpio.o
                0x0000000008000e14                std::function<void ()>::function(std::function<void ()> const&)
                0x0000000008000e14                std::function<void ()>::function(std::function<void ()> const&)
 .text._ZNKSt8functionIFvvEEclEv
                0x0000000008000e6a       0x2c ./Core/Src/Gpio.o
                0x0000000008000e6a                std::function<void ()>::operator()() const
 *fill*         0x0000000008000e96        0x2 
 .text._Z41__static_initialization_and_destruction_0ii
                0x0000000008000e98       0x2c ./Core/Src/Gpio.o
 .text._GLOBAL__sub_I__ZN4Gpio11openHandlesE
                0x0000000008000ec4       0x10 ./Core/Src/Gpio.o
 .text._ZN4MenuC2ER4GpioS1_S1_PKc
                0x0000000008000ed4       0x50 ./Core/Src/Menu.o
                0x0000000008000ed4                Menu::Menu(Gpio&, Gpio&, Gpio&, char const*)
                0x0000000008000ed4                Menu::Menu(Gpio&, Gpio&, Gpio&, char const*)
 .text._ZN4Menu3runEv
                0x0000000008000f24       0xa4 ./Core/Src/Menu.o
                0x0000000008000f24                Menu::run()
 .text._ZN4MenuD2Ev
                0x0000000008000fc8       0x24 ./Core/Src/Menu.o
                0x0000000008000fc8                Menu::~Menu()
                0x0000000008000fc8                Menu::~Menu()
 .text._ZN4MenuD0Ev
                0x0000000008000fec       0x20 ./Core/Src/Menu.o
                0x0000000008000fec                Menu::~Menu()
 .text._ZN6Object5startEPKcj
                0x000000000800100c       0x88 ./Core/Src/Object.o
                0x000000000800100c                Object::start(char const*, unsigned int)
 .text._ZN6ObjectD2Ev
                0x0000000008001094       0x20 ./Core/Src/Object.o
                0x0000000008001094                Object::~Object()
                0x0000000008001094                Object::~Object()
 .text._ZN6ObjectD0Ev
                0x00000000080010b4       0x20 ./Core/Src/Object.o
                0x00000000080010b4                Object::~Object()
 .text._ZN6ObjectC2EPKc
                0x00000000080010d4       0x60 ./Core/Src/Object.o
                0x00000000080010d4                Object::Object(char const*)
                0x00000000080010d4                Object::Object(char const*)
 .text._ZN6Object7onStartEv
                0x0000000008001134       0x12 ./Core/Src/Object.o
                0x0000000008001134                Object::onStart()
 .text._ZN6Object6onInitEv
                0x0000000008001146       0x12 ./Core/Src/Object.o
                0x0000000008001146                Object::onInit()
 .text.d_debug_assert_halv
                0x0000000008001158       0x26 ./Core/Src/PWM.o
 *fill*         0x000000000800117e        0x2 
 .text._ZN3PWMC2EP19__TIM_HandleTypeDefiPKc
                0x0000000008001180       0x38 ./Core/Src/PWM.o
                0x0000000008001180                PWM::PWM(__TIM_HandleTypeDef*, int, char const*)
                0x0000000008001180                PWM::PWM(__TIM_HandleTypeDef*, int, char const*)
 .text._ZN3PWM7onStartEv
                0x00000000080011b8       0x2e ./Core/Src/PWM.o
                0x00000000080011b8                PWM::onStart()
 .text._ZN3PWM3setEf
                0x00000000080011e6       0x78 ./Core/Src/PWM.o
                0x00000000080011e6                PWM::set(float)
 *fill*         0x000000000800125e        0x2 
 .text._ZN3PWMD2Ev
                0x0000000008001260       0x24 ./Core/Src/PWM.o
                0x0000000008001260                PWM::~PWM()
                0x0000000008001260                PWM::~PWM()
 .text._ZN3PWMD0Ev
                0x0000000008001284       0x20 ./Core/Src/PWM.o
                0x0000000008001284                PWM::~PWM()
 .text._ZNSt9_Any_data9_M_accessEv
                0x00000000080012a4       0x14 ./Core/Src/Pin.o
                0x00000000080012a4                std::_Any_data::_M_access()
 .text._ZNKSt9_Any_data9_M_accessEv
                0x00000000080012b8       0x14 ./Core/Src/Pin.o
                0x00000000080012b8                std::_Any_data::_M_access() const
 .text._ZN13SoftwareTimer11ticksFromMsEjm
                0x00000000080012cc       0x3c ./Core/Src/Pin.o
                0x00000000080012cc                SoftwareTimer::ticksFromMs(unsigned int, unsigned long)
 .text._ZNK3Pin4isOnEv
                0x0000000008001308       0x18 ./Core/Src/Pin.o
                0x0000000008001308                Pin::isOn() const
 .text._ZNK3Pin10isBlinkingEv
                0x0000000008001320       0x18 ./Core/Src/Pin.o
                0x0000000008001320                Pin::isBlinking() const
 .text._ZN3Pin9onTimeoutEv
                0x0000000008001338       0x66 ./Core/Src/Pin.o
                0x0000000008001338                Pin::onTimeout()
 *fill*         0x000000000800139e        0x2 
 .text._ZN3PinC2Ej
                0x00000000080013a0       0xa4 ./Core/Src/Pin.o
                0x00000000080013a0                Pin::Pin(unsigned int)
                0x00000000080013a0                Pin::Pin(unsigned int)
 .text._ZN3Pin7onStartEv
                0x0000000008001444       0x30 ./Core/Src/Pin.o
                0x0000000008001444                Pin::onStart()
 .text._ZN3Pin4turnEb
                0x0000000008001474       0x1c ./Core/Src/Pin.o
                0x0000000008001474                Pin::turn(bool)
 .text._ZSt3maxImERKT_S2_S2_
                0x0000000008001490       0x26 ./Core/Src/Pin.o
                0x0000000008001490                unsigned long const& std::max<unsigned long>(unsigned long const&, unsigned long const&)
 .text._ZNSt5tupleIJP3PinEEC2EOS2_
                0x00000000080014b6       0x20 ./Core/Src/Pin.o
                0x00000000080014b6                std::tuple<Pin*>::tuple(std::tuple<Pin*>&&)
                0x00000000080014b6                std::tuple<Pin*>::tuple(std::tuple<Pin*>&&)
 .text._ZNSt5_BindIFM3PinFvvEPS0_EEC2EOS5_
                0x00000000080014d6       0x32 ./Core/Src/Pin.o
                0x00000000080014d6                std::_Bind<void (Pin::*(Pin*))()>::_Bind(std::_Bind<void (Pin::*(Pin*))()>&&)
                0x00000000080014d6                std::_Bind<void (Pin::*(Pin*))()>::_Bind(std::_Bind<void (Pin::*(Pin*))()>&&)
 .text._ZSt4bindIM3PinFvvEJPS0_EENSt12_Bind_helperIXsrSt5__or_IJSt11is_integralINSt5decayIT_E4typeEESt7is_enumISA_EEE5valueES8_JDpT0_EE4typeEOS8_DpOSF_
                0x0000000008001508       0x2e ./Core/Src/Pin.o
                0x0000000008001508                std::_Bind_helper<std::__or_<std::is_integral<std::decay<void (Pin::*)()>::type>, std::is_enum<std::decay<void (Pin::*)()>::type> >::value, void (Pin::*)(), Pin*>::type std::bind<void (Pin::*)(), Pin*>(void (Pin::*&&)(), Pin*&&)
 *fill*         0x0000000008001536        0x2 
 .text._ZNSt8functionIFvvEEC2ISt5_BindIFM3PinFvvEPS4_EEvEEOT_
                0x0000000008001538       0x60 ./Core/Src/Pin.o
                0x0000000008001538                std::function<void ()>::function<std::_Bind<void (Pin::*(Pin*))()>, void>(std::_Bind<void (Pin::*(Pin*))()>&&)
                0x0000000008001538                std::function<void ()>::function<std::_Bind<void (Pin::*(Pin*))()>, void>(std::_Bind<void (Pin::*(Pin*))()>&&)
 .text._ZSt7forwardIM3PinFvvEEOT_RNSt16remove_referenceIS3_E4typeE
                0x0000000008001598       0x14 ./Core/Src/Pin.o
                0x0000000008001598                void (Pin::*&&std::forward<void (Pin::*)()>(std::remove_reference<void (Pin::*)()>::type&))()
 .text._ZSt7forwardIP3PinEOT_RNSt16remove_referenceIS2_E4typeE
                0x00000000080015ac       0x14 ./Core/Src/Pin.o
                0x00000000080015ac                Pin*&& std::forward<Pin*>(std::remove_reference<Pin*>::type&)
 .text._ZNSt5_BindIFM3PinFvvEPS0_EEC2IJS3_EEEOS2_DpOT_
                0x00000000080015c0       0x3e ./Core/Src/Pin.o
                0x00000000080015c0                std::_Bind<void (Pin::*(Pin*))()>::_Bind<Pin*>(void (Pin::*&&)(), Pin*&&)
                0x00000000080015c0                std::_Bind<void (Pin::*(Pin*))()>::_Bind<Pin*>(void (Pin::*&&)(), Pin*&&)
 .text._ZNSt11_Tuple_implILj0EJP3PinEEC2EOS2_
                0x00000000080015fe       0x1e ./Core/Src/Pin.o
                0x00000000080015fe                std::_Tuple_impl<0u, Pin*>::_Tuple_impl(std::_Tuple_impl<0u, Pin*>&&)
                0x00000000080015fe                std::_Tuple_impl<0u, Pin*>::_Tuple_impl(std::_Tuple_impl<0u, Pin*>&&)
 .text._ZNSt14_Function_base13_Base_managerISt5_BindIFM3PinFvvEPS2_EEE21_M_not_empty_functionIS7_EEbRKT_
                0x000000000800161c       0x14 ./Core/Src/Pin.o
                0x000000000800161c                bool std::_Function_base::_Base_manager<std::_Bind<void (Pin::*(Pin*))()> >::_M_not_empty_function<std::_Bind<void (Pin::*(Pin*))()> >(std::_Bind<void (Pin::*(Pin*))()> const&)
 .text._ZSt7forwardISt5_BindIFM3PinFvvEPS1_EEEOT_RNSt16remove_referenceIS7_E4typeE
                0x0000000008001630       0x14 ./Core/Src/Pin.o
                0x0000000008001630                std::_Bind<void (Pin::*(Pin*))()>&& std::forward<std::_Bind<void (Pin::*(Pin*))()> >(std::remove_reference<std::_Bind<void (Pin::*(Pin*))()> >::type&)
 .text._ZNSt14_Function_base13_Base_managerISt5_BindIFM3PinFvvEPS2_EEE15_M_init_functorIS7_EEvRSt9_Any_dataOT_
                0x0000000008001644       0x24 ./Core/Src/Pin.o
                0x0000000008001644                void std::_Function_base::_Base_manager<std::_Bind<void (Pin::*(Pin*))()> >::_M_init_functor<std::_Bind<void (Pin::*(Pin*))()> >(std::_Any_data&, std::_Bind<void (Pin::*(Pin*))()>&&)
 .text._ZNSt17_Function_handlerIFvvESt5_BindIFM3PinFvvEPS2_EEE9_M_invokeERKSt9_Any_data
                0x0000000008001668       0x1e ./Core/Src/Pin.o
                0x0000000008001668                std::_Function_handler<void (), std::_Bind<void (Pin::*(Pin*))()> >::_M_invoke(std::_Any_data const&)
 .text._ZNSt17_Function_handlerIFvvESt5_BindIFM3PinFvvEPS2_EEE10_M_managerERSt9_Any_dataRKS9_St18_Manager_operation
                0x0000000008001686       0x3e ./Core/Src/Pin.o
                0x0000000008001686                std::_Function_handler<void (), std::_Bind<void (Pin::*(Pin*))()> >::_M_manager(std::_Any_data&, std::_Any_data const&, std::_Manager_operation)
 .text._ZSt4moveIRM3PinFvvEEONSt16remove_referenceIT_E4typeEOS5_
                0x00000000080016c4       0x14 ./Core/Src/Pin.o
                0x00000000080016c4                std::remove_reference<void (Pin::*&)()>::type&& std::move<void (Pin::*&)()>(void (Pin::*&)())
 .text._ZNSt5tupleIJP3PinEEC2IJS1_ELb1ELb1EEEDpOT_
                0x00000000080016d8       0x26 ./Core/Src/Pin.o
                0x00000000080016d8                std::tuple<Pin*>::tuple<Pin*, true, true>(Pin*&&)
                0x00000000080016d8                std::tuple<Pin*>::tuple<Pin*, true, true>(Pin*&&)
 .text._ZNSt14_Function_base13_Base_managerISt5_BindIFM3PinFvvEPS2_EEE9_M_createIS7_EEvRSt9_Any_dataOT_St17integral_constantIbLb0EE
                0x00000000080016fe       0x38 ./Core/Src/Pin.o
                0x00000000080016fe                void std::_Function_base::_Base_manager<std::_Bind<void (Pin::*(Pin*))()> >::_M_create<std::_Bind<void (Pin::*(Pin*))()> >(std::_Any_data&, std::_Bind<void (Pin::*(Pin*))()>&&, std::integral_constant<bool, false>)
 .text._ZNSt14_Function_base13_Base_managerISt5_BindIFM3PinFvvEPS2_EEE14_M_get_pointerERKSt9_Any_data
                0x0000000008001736       0x1a ./Core/Src/Pin.o
                0x0000000008001736                std::_Function_base::_Base_manager<std::_Bind<void (Pin::*(Pin*))()> >::_M_get_pointer(std::_Any_data const&)
 .text._ZSt10__invoke_rIvRSt5_BindIFM3PinFvvEPS1_EEJEENSt9enable_ifIXsrSt6__and_IJSt7is_voidIT_ESt14__is_invocableIT0_JDpT1_EEEE5valueESB_E4typeEOSE_DpOSF_
                0x0000000008001750       0x20 ./Core/Src/Pin.o
                0x0000000008001750                std::enable_if<std::__and_<std::is_void<void>, std::__is_invocable<std::_Bind<void (Pin::*(Pin*))()>&> >::value, void>::type std::__invoke_r<void, std::_Bind<void (Pin::*(Pin*))()>&>(std::_Bind<void (Pin::*(Pin*))()>&)
 .text._ZNSt9_Any_data9_M_accessIPSt5_BindIFM3PinFvvEPS2_EEEERT_v
                0x0000000008001770       0x18 ./Core/Src/Pin.o
                0x0000000008001770                std::_Bind<void (Pin::*(Pin*))()>*& std::_Any_data::_M_access<std::_Bind<void (Pin::*(Pin*))()>*>()
 .text._ZNSt14_Function_base13_Base_managerISt5_BindIFM3PinFvvEPS2_EEE10_M_managerERSt9_Any_dataRKS9_St18_Manager_operation
                0x0000000008001788       0x74 ./Core/Src/Pin.o
                0x0000000008001788                std::_Function_base::_Base_manager<std::_Bind<void (Pin::*(Pin*))()> >::_M_manager(std::_Any_data&, std::_Any_data const&, std::_Manager_operation)
 .text._ZNSt11_Tuple_implILj0EJP3PinEEC2IS1_EEOT_
                0x00000000080017fc       0x26 ./Core/Src/Pin.o
                0x00000000080017fc                std::_Tuple_impl<0u, Pin*>::_Tuple_impl<Pin*>(Pin*&&)
                0x00000000080017fc                std::_Tuple_impl<0u, Pin*>::_Tuple_impl<Pin*>(Pin*&&)
 .text._ZNKSt9_Any_data9_M_accessIPSt5_BindIFM3PinFvvEPS2_EEEERKT_v
                0x0000000008001822       0x18 ./Core/Src/Pin.o
                0x0000000008001822                std::_Bind<void (Pin::*(Pin*))()>* const& std::_Any_data::_M_access<std::_Bind<void (Pin::*(Pin*))()>*>() const
 .text._ZSt7forwardIRSt5_BindIFM3PinFvvEPS1_EEEOT_RNSt16remove_referenceIS8_E4typeE
                0x000000000800183a       0x14 ./Core/Src/Pin.o
                0x000000000800183a                std::_Bind<void (Pin::*(Pin*))()>& std::forward<std::_Bind<void (Pin::*(Pin*))()>&>(std::remove_reference<std::_Bind<void (Pin::*(Pin*))()>&>::type&)
 .text._ZSt13__invoke_implIvRSt5_BindIFM3PinFvvEPS1_EEJEET_St14__invoke_otherOT0_DpOT1_
                0x000000000800184e       0x20 ./Core/Src/Pin.o
                0x000000000800184e                void std::__invoke_impl<void, std::_Bind<void (Pin::*(Pin*))()>&>(std::__invoke_other, std::_Bind<void (Pin::*(Pin*))()>&)
 .text._ZNSt9_Any_data9_M_accessIPKSt9type_infoEERT_v
                0x000000000800186e       0x18 ./Core/Src/Pin.o
                0x000000000800186e                std::type_info const*& std::_Any_data::_M_access<std::type_info const*>()
 .text._ZNSt14_Function_base13_Base_managerISt5_BindIFM3PinFvvEPS2_EEE15_M_init_functorIRKS7_EEvRSt9_Any_dataOT_
                0x0000000008001886       0x24 ./Core/Src/Pin.o
                0x0000000008001886                void std::_Function_base::_Base_manager<std::_Bind<void (Pin::*(Pin*))()> >::_M_init_functor<std::_Bind<void (Pin::*(Pin*))()> const&>(std::_Any_data&, std::_Bind<void (Pin::*(Pin*))()> const&)
 .text._ZNSt14_Function_base13_Base_managerISt5_BindIFM3PinFvvEPS2_EEE10_M_destroyERSt9_Any_dataSt17integral_constantIbLb0EE
                0x00000000080018aa       0x28 ./Core/Src/Pin.o
                0x00000000080018aa                std::_Function_base::_Base_manager<std::_Bind<void (Pin::*(Pin*))()> >::_M_destroy(std::_Any_data&, std::integral_constant<bool, false>)
 .text._ZNSt10_Head_baseILj0EP3PinLb0EEC2IS1_EEOT_
                0x00000000080018d2       0x22 ./Core/Src/Pin.o
                0x00000000080018d2                std::_Head_base<0u, Pin*, false>::_Head_base<Pin*>(Pin*&&)
                0x00000000080018d2                std::_Head_base<0u, Pin*, false>::_Head_base<Pin*>(Pin*&&)
 .text._ZNSt5_BindIFM3PinFvvEPS0_EEclIJEvEET0_DpOT_
                0x00000000080018f4       0x22 ./Core/Src/Pin.o
                0x00000000080018f4                void std::_Bind<void (Pin::*(Pin*))()>::operator()<, void>()
 .text._ZSt7forwardIRKSt5_BindIFM3PinFvvEPS1_EEEOT_RNSt16remove_referenceIS9_E4typeE
                0x0000000008001916       0x14 ./Core/Src/Pin.o
                0x0000000008001916                std::_Bind<void (Pin::*(Pin*))()> const& std::forward<std::_Bind<void (Pin::*(Pin*))()> const&>(std::remove_reference<std::_Bind<void (Pin::*(Pin*))()> const&>::type&)
 .text._ZNSt14_Function_base13_Base_managerISt5_BindIFM3PinFvvEPS2_EEE9_M_createIRKS7_EEvRSt9_Any_dataOT_St17integral_constantIbLb0EE
                0x000000000800192a       0x3a ./Core/Src/Pin.o
                0x000000000800192a                void std::_Function_base::_Base_manager<std::_Bind<void (Pin::*(Pin*))()> >::_M_create<std::_Bind<void (Pin::*(Pin*))()> const&>(std::_Any_data&, std::_Bind<void (Pin::*(Pin*))()> const&, std::integral_constant<bool, false>)
 .text._ZSt16forward_as_tupleIJEESt5tupleIJDpOT_EES3_
                0x0000000008001964        0xe ./Core/Src/Pin.o
                0x0000000008001964                std::tuple<> std::forward_as_tuple<>()
 .text._ZNSt5_BindIFM3PinFvvEPS0_EE6__callIvJEJLj0EEEET_OSt5tupleIJDpT0_EESt12_Index_tupleIJXspT1_EEE
                0x0000000008001972       0x38 ./Core/Src/Pin.o
                0x0000000008001972                void std::_Bind<void (Pin::*(Pin*))()>::__call<void, , 0u>(std::tuple<>&&, std::_Index_tuple<0u>)
 .text._ZSt3getILj0EJP3PinEERNSt13tuple_elementIXT_ESt5tupleIJDpT0_EEE4typeERS6_
                0x00000000080019aa       0x1a ./Core/Src/Pin.o
                0x00000000080019aa                std::tuple_element<0u, std::tuple<Pin*> >::type& std::get<0u, Pin*>(std::tuple<Pin*>&)
 .text._ZNVKSt3_MuIP3PinLb0ELb0EEclIRS1_St5tupleIJEEEEOT_S8_RT0_
                0x00000000080019c4       0x1c ./Core/Src/Pin.o
                0x00000000080019c4                Pin*& std::_Mu<Pin*, false, false>::operator()<Pin*&, std::tuple<> >(Pin*&, std::tuple<>&) const volatile
 .text._ZSt8__invokeIRM3PinFvvEJRPS0_EENSt15__invoke_resultIT_JDpT0_EE4typeEOS7_DpOS8_
                0x00000000080019e0       0x2c ./Core/Src/Pin.o
                0x00000000080019e0                std::__invoke_result<void (Pin::*&)(), Pin*&>::type std::__invoke<void (Pin::*&)(), Pin*&>(void (Pin::*&)(), Pin*&)
 .text._ZSt12__get_helperILj0EP3PinJEERT0_RSt11_Tuple_implIXT_EJS2_DpT1_EE
                0x0000000008001a0c       0x18 ./Core/Src/Pin.o
                0x0000000008001a0c                Pin*& std::__get_helper<0u, Pin*>(std::_Tuple_impl<0u, Pin*>&)
 .text._ZSt7forwardIRP3PinEOT_RNSt16remove_referenceIS3_E4typeE
                0x0000000008001a24       0x14 ./Core/Src/Pin.o
                0x0000000008001a24                Pin*& std::forward<Pin*&>(std::remove_reference<Pin*&>::type&)
 .text._ZSt7forwardIRM3PinFvvEEOT_RNSt16remove_referenceIS4_E4typeE
                0x0000000008001a38       0x14 ./Core/Src/Pin.o
                0x0000000008001a38                void (Pin::*&std::forward<void (Pin::*&)()>(std::remove_reference<void (Pin::*&)()>::type&))()
 .text._ZSt13__invoke_implIvRM3PinFvvERPS0_JEET_St21__invoke_memfun_derefOT0_OT1_DpOT2_
                0x0000000008001a4c       0x4e ./Core/Src/Pin.o
                0x0000000008001a4c                void std::__invoke_impl<void, void (Pin::*&)(), Pin*&>(std::__invoke_memfun_deref, void (Pin::*&)(), Pin*&)
 .text._ZNSt11_Tuple_implILj0EJP3PinEE7_M_headERS2_
                0x0000000008001a9a       0x1a ./Core/Src/Pin.o
                0x0000000008001a9a                std::_Tuple_impl<0u, Pin*>::_M_head(std::_Tuple_impl<0u, Pin*>&)
 .text._ZNSt10_Head_baseILj0EP3PinLb0EE7_M_headERS2_
                0x0000000008001ab4       0x14 ./Core/Src/Pin.o
                0x0000000008001ab4                std::_Head_base<0u, Pin*, false>::_M_head(std::_Head_base<0u, Pin*, false>&)
 .text._ZN3Pin5setOnEb
                0x0000000008001ac8       0x24 ./Core/Src/PinController.o
                0x0000000008001ac8                Pin::setOn(bool)
 .text._ZN13PinControllerC2ER3PinPKc
                0x0000000008001aec       0x30 ./Core/Src/PinController.o
                0x0000000008001aec                PinController::PinController(Pin&, char const*)
                0x0000000008001aec                PinController::PinController(Pin&, char const*)
 .text._ZN13PinController3setEb
                0x0000000008001b1c       0x22 ./Core/Src/PinController.o
                0x0000000008001b1c                PinController::set(bool)
 *fill*         0x0000000008001b3e        0x2 
 .text._ZN13PinControllerD2Ev
                0x0000000008001b40       0x24 ./Core/Src/PinController.o
                0x0000000008001b40                PinController::~PinController()
                0x0000000008001b40                PinController::~PinController()
 .text._ZN13PinControllerD0Ev
                0x0000000008001b64       0x20 ./Core/Src/PinController.o
                0x0000000008001b64                PinController::~PinController()
 .text._ZNK6Object7getNameEv
                0x0000000008001b84       0x16 ./Core/Src/SoftwareTimer.o
                0x0000000008001b84                Object::getName() const
 .text._ZN13SoftwareTimer5startEm
                0x0000000008001b9a       0x36 ./Core/Src/SoftwareTimer.o
                0x0000000008001b9a                SoftwareTimer::start(unsigned long)
 .text._ZN13SoftwareTimer13timerCallbackEPv
                0x0000000008001bd0       0x22 ./Core/Src/SoftwareTimer.o
                0x0000000008001bd0                SoftwareTimer::timerCallback(void*)
 *fill*         0x0000000008001bf2        0x2 
 .text._ZN13SoftwareTimerC2EmSt8functionIFvvEEbbPKc
                0x0000000008001bf4       0x54 ./Core/Src/SoftwareTimer.o
                0x0000000008001bf4                SoftwareTimer::SoftwareTimer(unsigned long, std::function<void ()>, bool, bool, char const*)
                0x0000000008001bf4                SoftwareTimer::SoftwareTimer(unsigned long, std::function<void ()>, bool, bool, char const*)
 .text._ZN13SoftwareTimer6onInitEv
                0x0000000008001c48       0x4c ./Core/Src/SoftwareTimer.o
                0x0000000008001c48                SoftwareTimer::onInit()
 .text._ZN13SoftwareTimer7onStartEv
                0x0000000008001c94       0x24 ./Core/Src/SoftwareTimer.o
                0x0000000008001c94                SoftwareTimer::onStart()
 .text._ZN13SoftwareTimer3runEv
                0x0000000008001cb8       0x2a ./Core/Src/SoftwareTimer.o
                0x0000000008001cb8                SoftwareTimer::run()
 *fill*         0x0000000008001ce2        0x2 
 .text._ZN4TaskC2EjjPKc
                0x0000000008001ce4       0x38 ./Core/Src/Task.o
                0x0000000008001ce4                Task::Task(unsigned int, unsigned int, char const*)
                0x0000000008001ce4                Task::Task(unsigned int, unsigned int, char const*)
 .text._ZN4Task7onStartEv
                0x0000000008001d1c       0x44 ./Core/Src/Task.o
                0x0000000008001d1c                Task::onStart()
 .text._ZN4Task4taskEPv
                0x0000000008001d60       0x20 ./Core/Src/Task.o
                0x0000000008001d60                Task::task(void*)
 .text.d_main   0x0000000008001d80       0x40 ./Core/Src/d_main.o
                0x0000000008001d80                d_main
 .text.clockControl
                0x0000000008001dc0       0x14 ./Core/Src/d_main.o
                0x0000000008001dc0                clockControl
 .text._ZL11d_main_taskPv
                0x0000000008001dd4       0x1a ./Core/Src/d_main.o
 .text._ZNSt8functionIFvvEEC2EDn
                0x0000000008001dee       0x2e ./Core/Src/d_main.o
                0x0000000008001dee                std::function<void ()>::function(decltype(nullptr))
                0x0000000008001dee                std::function<void ()>::function(decltype(nullptr))
 .text._ZN4GpioD2Ev
                0x0000000008001e1c       0x28 ./Core/Src/d_main.o
                0x0000000008001e1c                Gpio::~Gpio()
                0x0000000008001e1c                Gpio::~Gpio()
 .text._Z41__static_initialization_and_destruction_0ii
                0x0000000008001e44      0x28c ./Core/Src/d_main.o
 .text._GLOBAL__sub_I_clockPeriphPWM
                0x00000000080020d0       0x10 ./Core/Src/d_main.o
 .text._GLOBAL__sub_D_clockPeriphPWM
                0x00000000080020e0       0x10 ./Core/Src/d_main.o
 .text.vApplicationStackOverflowHook
                0x00000000080020f0       0x14 ./Core/Src/freertos.o
                0x00000000080020f0                vApplicationStackOverflowHook
 .text.MX_FREERTOS_Init
                0x0000000008002104       0x24 ./Core/Src/freertos.o
                0x0000000008002104                MX_FREERTOS_Init
 .text.StartDefaultTask
                0x0000000008002128       0x14 ./Core/Src/freertos.o
                0x0000000008002128                StartDefaultTask
 .text.MX_GPIO_Init
                0x000000000800213c      0x178 ./Core/Src/gpio.o
                0x000000000800213c                MX_GPIO_Init
 .text.main     0x00000000080022b4       0x30 ./Core/Src/main.o
                0x00000000080022b4                main
 .text.SystemClock_Config
                0x00000000080022e4       0xba ./Core/Src/main.o
                0x00000000080022e4                SystemClock_Config
 *fill*         0x000000000800239e        0x2 
 .text.HAL_TIM_PeriodElapsedCallback
                0x00000000080023a0       0x54 ./Core/Src/main.o
                0x00000000080023a0                HAL_TIM_PeriodElapsedCallback
 .text.Error_Handler
                0x00000000080023f4        0xa ./Core/Src/main.o
                0x00000000080023f4                Error_Handler
 .text.assert_failed
                0x00000000080023fe       0x14 ./Core/Src/main.o
                0x00000000080023fe                assert_failed
 *fill*         0x0000000008002412        0x2 
 .text.MX_RTC_Init
                0x0000000008002414       0x94 ./Core/Src/rtc.o
                0x0000000008002414                MX_RTC_Init
 .text.HAL_RTC_MspInit
                0x00000000080024a8       0x48 ./Core/Src/rtc.o
                0x00000000080024a8                HAL_RTC_MspInit
 .text.HAL_MspInit
                0x00000000080024f0       0x70 ./Core/Src/stm32f1xx_hal_msp.o
                0x00000000080024f0                HAL_MspInit
 .text.HAL_InitTick
                0x0000000008002560       0xfc ./Core/Src/stm32f1xx_hal_timebase_tim.o
                0x0000000008002560                HAL_InitTick
 .text.NMI_Handler
                0x000000000800265c        0x6 ./Core/Src/stm32f1xx_it.o
                0x000000000800265c                NMI_Handler
 .text.HardFault_Handler
                0x0000000008002662        0x6 ./Core/Src/stm32f1xx_it.o
                0x0000000008002662                HardFault_Handler
 .text.MemManage_Handler
                0x0000000008002668        0x6 ./Core/Src/stm32f1xx_it.o
                0x0000000008002668                MemManage_Handler
 .text.BusFault_Handler
                0x000000000800266e        0x6 ./Core/Src/stm32f1xx_it.o
                0x000000000800266e                BusFault_Handler
 .text.UsageFault_Handler
                0x0000000008002674        0x6 ./Core/Src/stm32f1xx_it.o
                0x0000000008002674                UsageFault_Handler
 .text.DebugMon_Handler
                0x000000000800267a        0xc ./Core/Src/stm32f1xx_it.o
                0x000000000800267a                DebugMon_Handler
 *fill*         0x0000000008002686        0x2 
 .text.TIM1_UP_IRQHandler
                0x0000000008002688       0x14 ./Core/Src/stm32f1xx_it.o
                0x0000000008002688                TIM1_UP_IRQHandler
 .text.TIM4_IRQHandler
                0x000000000800269c       0x14 ./Core/Src/stm32f1xx_it.o
                0x000000000800269c                TIM4_IRQHandler
 .text.EXTI15_10_IRQHandler
                0x00000000080026b0       0x20 ./Core/Src/stm32f1xx_it.o
                0x00000000080026b0                EXTI15_10_IRQHandler
 .text._getpid  0x00000000080026d0        0xe ./Core/Src/syscalls.o
                0x00000000080026d0                _getpid
 .text._kill    0x00000000080026de       0x20 ./Core/Src/syscalls.o
                0x00000000080026de                _kill
 .text._exit    0x00000000080026fe       0x14 ./Core/Src/syscalls.o
                0x00000000080026fe                _exit
 *fill*         0x0000000008002712        0x2 
 .text._sbrk    0x0000000008002714       0x6c ./Core/Src/sysmem.o
                0x0000000008002714                _sbrk
 .text.SystemInit
                0x0000000008002780       0x68 ./Core/Src/system_stm32f1xx.o
                0x0000000008002780                SystemInit
 .text.MX_TIM1_Init
                0x00000000080027e8      0x140 ./Core/Src/tim.o
                0x00000000080027e8                MX_TIM1_Init
 .text.HAL_TIM_Base_MspInit
                0x0000000008002928       0x4c ./Core/Src/tim.o
                0x0000000008002928                HAL_TIM_Base_MspInit
 .text.HAL_TIM_MspPostInit
                0x0000000008002974       0x68 ./Core/Src/tim.o
                0x0000000008002974                HAL_TIM_MspPostInit
 .text.Reset_Handler
                0x00000000080029dc       0x48 ./Core/Startup/startup_stm32f103c8tx.o
                0x00000000080029dc                Reset_Handler
 .text.Default_Handler
                0x0000000008002a24        0x2 ./Core/Startup/startup_stm32f103c8tx.o
                0x0000000008002a24                RTC_Alarm_IRQHandler
                0x0000000008002a24                EXTI2_IRQHandler
                0x0000000008002a24                TIM1_CC_IRQHandler
                0x0000000008002a24                PVD_IRQHandler
                0x0000000008002a24                EXTI3_IRQHandler
                0x0000000008002a24                EXTI0_IRQHandler
                0x0000000008002a24                I2C2_EV_IRQHandler
                0x0000000008002a24                ADC1_2_IRQHandler
                0x0000000008002a24                SPI1_IRQHandler
                0x0000000008002a24                TAMPER_IRQHandler
                0x0000000008002a24                DMA1_Channel4_IRQHandler
                0x0000000008002a24                USART3_IRQHandler
                0x0000000008002a24                RTC_IRQHandler
                0x0000000008002a24                DMA1_Channel7_IRQHandler
                0x0000000008002a24                CAN1_RX1_IRQHandler
                0x0000000008002a24                I2C1_EV_IRQHandler
                0x0000000008002a24                DMA1_Channel6_IRQHandler
                0x0000000008002a24                TIM3_IRQHandler
                0x0000000008002a24                RCC_IRQHandler
                0x0000000008002a24                TIM1_TRG_COM_IRQHandler
                0x0000000008002a24                DMA1_Channel1_IRQHandler
                0x0000000008002a24                Default_Handler
                0x0000000008002a24                EXTI9_5_IRQHandler
                0x0000000008002a24                SPI2_IRQHandler
                0x0000000008002a24                DMA1_Channel5_IRQHandler
                0x0000000008002a24                EXTI4_IRQHandler
                0x0000000008002a24                USB_LP_CAN1_RX0_IRQHandler
                0x0000000008002a24                USB_HP_CAN1_TX_IRQHandler
                0x0000000008002a24                DMA1_Channel3_IRQHandler
                0x0000000008002a24                WWDG_IRQHandler
                0x0000000008002a24                TIM2_IRQHandler
                0x0000000008002a24                TIM1_BRK_IRQHandler
                0x0000000008002a24                EXTI1_IRQHandler
                0x0000000008002a24                USART2_IRQHandler
                0x0000000008002a24                I2C2_ER_IRQHandler
                0x0000000008002a24                DMA1_Channel2_IRQHandler
                0x0000000008002a24                CAN1_SCE_IRQHandler
                0x0000000008002a24                FLASH_IRQHandler
                0x0000000008002a24                USART1_IRQHandler
                0x0000000008002a24                I2C1_ER_IRQHandler
                0x0000000008002a24                USBWakeUp_IRQHandler
 *fill*         0x0000000008002a26        0x2 
 .text.HAL_Init
                0x0000000008002a28       0x2c ./Drivers/STM32F1xx_HAL_Driver/Src/stm32f1xx_hal.o
                0x0000000008002a28                HAL_Init
 .text.HAL_IncTick
                0x0000000008002a54       0x24 ./Drivers/STM32F1xx_HAL_Driver/Src/stm32f1xx_hal.o
                0x0000000008002a54                HAL_IncTick
 .text.HAL_GetTick
                0x0000000008002a78       0x14 ./Drivers/STM32F1xx_HAL_Driver/Src/stm32f1xx_hal.o
                0x0000000008002a78                HAL_GetTick
 .text.__NVIC_SetPriorityGrouping
                0x0000000008002a8c       0x48 ./Drivers/STM32F1xx_HAL_Driver/Src/stm32f1xx_hal_cortex.o
 .text.__NVIC_GetPriorityGrouping
                0x0000000008002ad4       0x1c ./Drivers/STM32F1xx_HAL_Driver/Src/stm32f1xx_hal_cortex.o
 .text.__NVIC_EnableIRQ
                0x0000000008002af0       0x38 ./Drivers/STM32F1xx_HAL_Driver/Src/stm32f1xx_hal_cortex.o
 .text.__NVIC_SetPriority
                0x0000000008002b28       0x54 ./Drivers/STM32F1xx_HAL_Driver/Src/stm32f1xx_hal_cortex.o
 .text.NVIC_EncodePriority
                0x0000000008002b7c       0x64 ./Drivers/STM32F1xx_HAL_Driver/Src/stm32f1xx_hal_cortex.o
 .text.HAL_NVIC_SetPriorityGrouping
                0x0000000008002be0       0x40 ./Drivers/STM32F1xx_HAL_Driver/Src/stm32f1xx_hal_cortex.o
                0x0000000008002be0                HAL_NVIC_SetPriorityGrouping
 .text.HAL_NVIC_SetPriority
                0x0000000008002c20       0x58 ./Drivers/STM32F1xx_HAL_Driver/Src/stm32f1xx_hal_cortex.o
                0x0000000008002c20                HAL_NVIC_SetPriority
 .text.HAL_NVIC_EnableIRQ
                0x0000000008002c78       0x30 ./Drivers/STM32F1xx_HAL_Driver/Src/stm32f1xx_hal_cortex.o
                0x0000000008002c78                HAL_NVIC_EnableIRQ
 .text.HAL_GPIO_Init
                0x0000000008002ca8      0x4dc ./Drivers/STM32F1xx_HAL_Driver/Src/stm32f1xx_hal_gpio.o
                0x0000000008002ca8                HAL_GPIO_Init
 .text.HAL_GPIO_ReadPin
                0x0000000008003184       0x4c ./Drivers/STM32F1xx_HAL_Driver/Src/stm32f1xx_hal_gpio.o
                0x0000000008003184                HAL_GPIO_ReadPin
 .text.HAL_GPIO_WritePin
                0x00000000080031d0       0x64 ./Drivers/STM32F1xx_HAL_Driver/Src/stm32f1xx_hal_gpio.o
                0x00000000080031d0                HAL_GPIO_WritePin
 .text.HAL_GPIO_EXTI_IRQHandler
                0x0000000008003234       0x30 ./Drivers/STM32F1xx_HAL_Driver/Src/stm32f1xx_hal_gpio.o
                0x0000000008003234                HAL_GPIO_EXTI_IRQHandler
 .text.HAL_PWR_EnableBkUpAccess
                0x0000000008003264       0x18 ./Drivers/STM32F1xx_HAL_Driver/Src/stm32f1xx_hal_pwr.o
                0x0000000008003264                HAL_PWR_EnableBkUpAccess
 .text.HAL_RCC_OscConfig
                0x000000000800327c      0x6dc ./Drivers/STM32F1xx_HAL_Driver/Src/stm32f1xx_hal_rcc.o
                0x000000000800327c                HAL_RCC_OscConfig
 .text.HAL_RCC_ClockConfig
                0x0000000008003958      0x320 ./Drivers/STM32F1xx_HAL_Driver/Src/stm32f1xx_hal_rcc.o
                0x0000000008003958                HAL_RCC_ClockConfig
 .text.HAL_RCC_GetSysClockFreq
                0x0000000008003c78       0xbc ./Drivers/STM32F1xx_HAL_Driver/Src/stm32f1xx_hal_rcc.o
                0x0000000008003c78                HAL_RCC_GetSysClockFreq
 .text.HAL_RCC_GetHCLKFreq
                0x0000000008003d34       0x14 ./Drivers/STM32F1xx_HAL_Driver/Src/stm32f1xx_hal_rcc.o
                0x0000000008003d34                HAL_RCC_GetHCLKFreq
 .text.HAL_RCC_GetPCLK1Freq
                0x0000000008003d48       0x28 ./Drivers/STM32F1xx_HAL_Driver/Src/stm32f1xx_hal_rcc.o
                0x0000000008003d48                HAL_RCC_GetPCLK1Freq
 .text.HAL_RCC_GetPCLK2Freq
                0x0000000008003d70       0x28 ./Drivers/STM32F1xx_HAL_Driver/Src/stm32f1xx_hal_rcc.o
                0x0000000008003d70                HAL_RCC_GetPCLK2Freq
 .text.HAL_RCC_GetClockConfig
                0x0000000008003d98       0x84 ./Drivers/STM32F1xx_HAL_Driver/Src/stm32f1xx_hal_rcc.o
                0x0000000008003d98                HAL_RCC_GetClockConfig
 .text.RCC_Delay
                0x0000000008003e1c       0x3c ./Drivers/STM32F1xx_HAL_Driver/Src/stm32f1xx_hal_rcc.o
 .text.HAL_RCCEx_PeriphCLKConfig
                0x0000000008003e58      0x214 ./Drivers/STM32F1xx_HAL_Driver/Src/stm32f1xx_hal_rcc_ex.o
                0x0000000008003e58                HAL_RCCEx_PeriphCLKConfig
 .text.HAL_RCCEx_GetPeriphCLKFreq
                0x000000000800406c      0x1ac ./Drivers/STM32F1xx_HAL_Driver/Src/stm32f1xx_hal_rcc_ex.o
                0x000000000800406c                HAL_RCCEx_GetPeriphCLKFreq
 .text.HAL_RTC_Init
                0x0000000008004218      0x194 ./Drivers/STM32F1xx_HAL_Driver/Src/stm32f1xx_hal_rtc.o
                0x0000000008004218                HAL_RTC_Init
 .text.HAL_RTC_SetTime
                0x00000000080043ac      0x1cc ./Drivers/STM32F1xx_HAL_Driver/Src/stm32f1xx_hal_rtc.o
                0x00000000080043ac                HAL_RTC_SetTime
 .text.HAL_RTC_GetTime
                0x0000000008004578      0x1cc ./Drivers/STM32F1xx_HAL_Driver/Src/stm32f1xx_hal_rtc.o
                0x0000000008004578                HAL_RTC_GetTime
 .text.HAL_RTC_SetDate
                0x0000000008004744      0x23c ./Drivers/STM32F1xx_HAL_Driver/Src/stm32f1xx_hal_rtc.o
                0x0000000008004744                HAL_RTC_SetDate
 .text.HAL_RTC_GetDate
                0x0000000008004980       0xc4 ./Drivers/STM32F1xx_HAL_Driver/Src/stm32f1xx_hal_rtc.o
                0x0000000008004980                HAL_RTC_GetDate
 .text.HAL_RTC_WaitForSynchro
                0x0000000008004a44       0x5a ./Drivers/STM32F1xx_HAL_Driver/Src/stm32f1xx_hal_rtc.o
                0x0000000008004a44                HAL_RTC_WaitForSynchro
 .text.RTC_ReadTimeCounter
                0x0000000008004a9e       0x60 ./Drivers/STM32F1xx_HAL_Driver/Src/stm32f1xx_hal_rtc.o
 .text.RTC_WriteTimeCounter
                0x0000000008004afe       0x4e ./Drivers/STM32F1xx_HAL_Driver/Src/stm32f1xx_hal_rtc.o
 .text.RTC_ReadAlarmCounter
                0x0000000008004b4c       0x32 ./Drivers/STM32F1xx_HAL_Driver/Src/stm32f1xx_hal_rtc.o
 .text.RTC_WriteAlarmCounter
                0x0000000008004b7e       0x4e ./Drivers/STM32F1xx_HAL_Driver/Src/stm32f1xx_hal_rtc.o
 .text.RTC_EnterInitMode
                0x0000000008004bcc       0x50 ./Drivers/STM32F1xx_HAL_Driver/Src/stm32f1xx_hal_rtc.o
 .text.RTC_ExitInitMode
                0x0000000008004c1c       0x50 ./Drivers/STM32F1xx_HAL_Driver/Src/stm32f1xx_hal_rtc.o
 .text.RTC_ByteToBcd2
                0x0000000008004c6c       0x3a ./Drivers/STM32F1xx_HAL_Driver/Src/stm32f1xx_hal_rtc.o
 .text.RTC_Bcd2ToByte
                0x0000000008004ca6       0x3a ./Drivers/STM32F1xx_HAL_Driver/Src/stm32f1xx_hal_rtc.o
 .text.RTC_DateUpdate
                0x0000000008004ce0      0x152 ./Drivers/STM32F1xx_HAL_Driver/Src/stm32f1xx_hal_rtc.o
 *fill*         0x0000000008004e32        0x2 
 .text.RTC_IsLeapYear
                0x0000000008004e34       0x64 ./Drivers/STM32F1xx_HAL_Driver/Src/stm32f1xx_hal_rtc.o
 .text.RTC_WeekDayNum
                0x0000000008004e98       0xf0 ./Drivers/STM32F1xx_HAL_Driver/Src/stm32f1xx_hal_rtc.o
 .text.HAL_TIM_Base_Init
                0x0000000008004f88      0x124 ./Drivers/STM32F1xx_HAL_Driver/Src/stm32f1xx_hal_tim.o
                0x0000000008004f88                HAL_TIM_Base_Init
 .text.HAL_TIM_Base_Start_IT
                0x00000000080050ac       0x88 ./Drivers/STM32F1xx_HAL_Driver/Src/stm32f1xx_hal_tim.o
                0x00000000080050ac                HAL_TIM_Base_Start_IT
 .text.HAL_TIM_PWM_Init
                0x0000000008005134      0x124 ./Drivers/STM32F1xx_HAL_Driver/Src/stm32f1xx_hal_tim.o
                0x0000000008005134                HAL_TIM_PWM_Init
 .text.HAL_TIM_PWM_MspInit
                0x0000000008005258       0x12 ./Drivers/STM32F1xx_HAL_Driver/Src/stm32f1xx_hal_tim.o
                0x0000000008005258                HAL_TIM_PWM_MspInit
 *fill*         0x000000000800526a        0x2 
 .text.HAL_TIM_PWM_Start
                0x000000000800526c      0x100 ./Drivers/STM32F1xx_HAL_Driver/Src/stm32f1xx_hal_tim.o
                0x000000000800526c                HAL_TIM_PWM_Start
 .text.HAL_TIM_IRQHandler
                0x000000000800536c      0x24e ./Drivers/STM32F1xx_HAL_Driver/Src/stm32f1xx_hal_tim.o
                0x000000000800536c                HAL_TIM_IRQHandler
 *fill*         0x00000000080055ba        0x2 
 .text.HAL_TIM_PWM_ConfigChannel
                0x00000000080055bc      0x2ec ./Drivers/STM32F1xx_HAL_Driver/Src/stm32f1xx_hal_tim.o
                0x00000000080055bc                HAL_TIM_PWM_ConfigChannel
 .text.HAL_TIM_ConfigClockSource
                0x00000000080058a8      0x55c ./Drivers/STM32F1xx_HAL_Driver/Src/stm32f1xx_hal_tim.o
                0x00000000080058a8                HAL_TIM_ConfigClockSource
 .text.HAL_TIM_PeriodElapsedHalfCpltCallback
                0x0000000008005e04       0x12 ./Drivers/STM32F1xx_HAL_Driver/Src/stm32f1xx_hal_tim.o
                0x0000000008005e04                HAL_TIM_PeriodElapsedHalfCpltCallback
 .text.HAL_TIM_OC_DelayElapsedCallback
                0x0000000008005e16       0x12 ./Drivers/STM32F1xx_HAL_Driver/Src/stm32f1xx_hal_tim.o
                0x0000000008005e16                HAL_TIM_OC_DelayElapsedCallback
 .text.HAL_TIM_IC_CaptureCallback
                0x0000000008005e28       0x12 ./Drivers/STM32F1xx_HAL_Driver/Src/stm32f1xx_hal_tim.o
                0x0000000008005e28                HAL_TIM_IC_CaptureCallback
 .text.HAL_TIM_IC_CaptureHalfCpltCallback
                0x0000000008005e3a       0x12 ./Drivers/STM32F1xx_HAL_Driver/Src/stm32f1xx_hal_tim.o
                0x0000000008005e3a                HAL_TIM_IC_CaptureHalfCpltCallback
 .text.HAL_TIM_PWM_PulseFinishedCallback
                0x0000000008005e4c       0x12 ./Drivers/STM32F1xx_HAL_Driver/Src/stm32f1xx_hal_tim.o
                0x0000000008005e4c                HAL_TIM_PWM_PulseFinishedCallback
 .text.HAL_TIM_PWM_PulseFinishedHalfCpltCallback
                0x0000000008005e5e       0x12 ./Drivers/STM32F1xx_HAL_Driver/Src/stm32f1xx_hal_tim.o
                0x0000000008005e5e                HAL_TIM_PWM_PulseFinishedHalfCpltCallback
 .text.HAL_TIM_TriggerCallback
                0x0000000008005e70       0x12 ./Drivers/STM32F1xx_HAL_Driver/Src/stm32f1xx_hal_tim.o
                0x0000000008005e70                HAL_TIM_TriggerCallback
 .text.HAL_TIM_TriggerHalfCpltCallback
                0x0000000008005e82       0x12 ./Drivers/STM32F1xx_HAL_Driver/Src/stm32f1xx_hal_tim.o
                0x0000000008005e82                HAL_TIM_TriggerHalfCpltCallback
 .text.HAL_TIM_ErrorCallback
                0x0000000008005e94       0x12 ./Drivers/STM32F1xx_HAL_Driver/Src/stm32f1xx_hal_tim.o
                0x0000000008005e94                HAL_TIM_ErrorCallback
 *fill*         0x0000000008005ea6        0x2 
 .text.TIM_Base_SetConfig
                0x0000000008005ea8       0xc4 ./Drivers/STM32F1xx_HAL_Driver/Src/stm32f1xx_hal_tim.o
                0x0000000008005ea8                TIM_Base_SetConfig
 .text.TIM_OC1_SetConfig
                0x0000000008005f6c      0x120 ./Drivers/STM32F1xx_HAL_Driver/Src/stm32f1xx_hal_tim.o
 .text.TIM_OC2_SetConfig
                0x000000000800608c      0x128 ./Drivers/STM32F1xx_HAL_Driver/Src/stm32f1xx_hal_tim.o
                0x000000000800608c                TIM_OC2_SetConfig
 .text.TIM_OC3_SetConfig
                0x00000000080061b4      0x128 ./Drivers/STM32F1xx_HAL_Driver/Src/stm32f1xx_hal_tim.o
 .text.TIM_OC4_SetConfig
                0x00000000080062dc       0xbc ./Drivers/STM32F1xx_HAL_Driver/Src/stm32f1xx_hal_tim.o
 .text.TIM_TI1_ConfigInputStage
                0x0000000008006398       0x5c ./Drivers/STM32F1xx_HAL_Driver/Src/stm32f1xx_hal_tim.o
 .text.TIM_TI2_ConfigInputStage
                0x00000000080063f4       0x5e ./Drivers/STM32F1xx_HAL_Driver/Src/stm32f1xx_hal_tim.o
 .text.TIM_ITRx_SetConfig
                0x0000000008006452       0x34 ./Drivers/STM32F1xx_HAL_Driver/Src/stm32f1xx_hal_tim.o
 .text.TIM_ETR_SetConfig
                0x0000000008006486       0x3e ./Drivers/STM32F1xx_HAL_Driver/Src/stm32f1xx_hal_tim.o
                0x0000000008006486                TIM_ETR_SetConfig
 .text.TIM_CCxChannelCmd
                0x00000000080064c4       0xa8 ./Drivers/STM32F1xx_HAL_Driver/Src/stm32f1xx_hal_tim.o
                0x00000000080064c4                TIM_CCxChannelCmd
 .text.TIM_ResetCallback
                0x000000000800656c       0xac ./Drivers/STM32F1xx_HAL_Driver/Src/stm32f1xx_hal_tim.o
                0x000000000800656c                TIM_ResetCallback
 .text.HAL_TIMEx_MasterConfigSynchronization
                0x0000000008006618      0x12c ./Drivers/STM32F1xx_HAL_Driver/Src/stm32f1xx_hal_tim_ex.o
                0x0000000008006618                HAL_TIMEx_MasterConfigSynchronization
 .text.HAL_TIMEx_ConfigBreakDeadTime
                0x0000000008006744      0x18c ./Drivers/STM32F1xx_HAL_Driver/Src/stm32f1xx_hal_tim_ex.o
                0x0000000008006744                HAL_TIMEx_ConfigBreakDeadTime
 .text.HAL_TIMEx_CommutCallback
                0x00000000080068d0       0x12 ./Drivers/STM32F1xx_HAL_Driver/Src/stm32f1xx_hal_tim_ex.o
                0x00000000080068d0                HAL_TIMEx_CommutCallback
 .text.HAL_TIMEx_CommutHalfCpltCallback
                0x00000000080068e2       0x12 ./Drivers/STM32F1xx_HAL_Driver/Src/stm32f1xx_hal_tim_ex.o
                0x00000000080068e2                HAL_TIMEx_CommutHalfCpltCallback
 .text.HAL_TIMEx_BreakCallback
                0x00000000080068f4       0x12 ./Drivers/STM32F1xx_HAL_Driver/Src/stm32f1xx_hal_tim_ex.o
                0x00000000080068f4                HAL_TIMEx_BreakCallback
 *fill*         0x0000000008006906        0x2 
 .text.osKernelInitialize
                0x0000000008006908       0x64 ./Middlewares/Third_Party/FreeRTOS/Source/CMSIS_RTOS_V2/cmsis_os2.o
                0x0000000008006908                osKernelInitialize
 .text.osKernelStart
                0x000000000800696c       0x68 ./Middlewares/Third_Party/FreeRTOS/Source/CMSIS_RTOS_V2/cmsis_os2.o
                0x000000000800696c                osKernelStart
 .text.osThreadNew
                0x00000000080069d4      0x154 ./Middlewares/Third_Party/FreeRTOS/Source/CMSIS_RTOS_V2/cmsis_os2.o
                0x00000000080069d4                osThreadNew
 .text.vApplicationGetIdleTaskMemory
                0x0000000008006b28       0x30 ./Middlewares/Third_Party/FreeRTOS/Source/CMSIS_RTOS_V2/cmsis_os2.o
                0x0000000008006b28                vApplicationGetIdleTaskMemory
 .text.vApplicationGetTimerTaskMemory
                0x0000000008006b58       0x30 ./Middlewares/Third_Party/FreeRTOS/Source/CMSIS_RTOS_V2/cmsis_os2.o
                0x0000000008006b58                vApplicationGetTimerTaskMemory
 .text.vListInitialise
                0x0000000008006b88       0x3e ./Middlewares/Third_Party/FreeRTOS/Source/list.o
                0x0000000008006b88                vListInitialise
 .text.vListInitialiseItem
                0x0000000008006bc6       0x18 ./Middlewares/Third_Party/FreeRTOS/Source/list.o
                0x0000000008006bc6                vListInitialiseItem
 .text.vListInsertEnd
                0x0000000008006bde       0x46 ./Middlewares/Third_Party/FreeRTOS/Source/list.o
                0x0000000008006bde                vListInsertEnd
 .text.vListInsert
                0x0000000008006c24       0x70 ./Middlewares/Third_Party/FreeRTOS/Source/list.o
                0x0000000008006c24                vListInsert
 .text.uxListRemove
                0x0000000008006c94       0x52 ./Middlewares/Third_Party/FreeRTOS/Source/list.o
                0x0000000008006c94                uxListRemove
 *fill*         0x0000000008006ce6        0x2 
 .text.xQueueGenericReset
                0x0000000008006ce8       0xd0 ./Middlewares/Third_Party/FreeRTOS/Source/queue.o
                0x0000000008006ce8                xQueueGenericReset
 .text.xQueueGenericCreateStatic
                0x0000000008006db8       0xee ./Middlewares/Third_Party/FreeRTOS/Source/queue.o
                0x0000000008006db8                xQueueGenericCreateStatic
 .text.prvInitialiseNewQueue
                0x0000000008006ea6       0x46 ./Middlewares/Third_Party/FreeRTOS/Source/queue.o
 .text.xQueueGenericSend
                0x0000000008006eec      0x1fc ./Middlewares/Third_Party/FreeRTOS/Source/queue.o
                0x0000000008006eec                xQueueGenericSend
 .text.xQueueGenericSendFromISR
                0x00000000080070e8      0x130 ./Middlewares/Third_Party/FreeRTOS/Source/queue.o
                0x00000000080070e8                xQueueGenericSendFromISR
 .text.xQueueReceive
                0x0000000008007218      0x1c0 ./Middlewares/Third_Party/FreeRTOS/Source/queue.o
                0x0000000008007218                xQueueReceive
 .text.prvCopyDataToQueue
                0x00000000080073d8       0xd4 ./Middlewares/Third_Party/FreeRTOS/Source/queue.o
 .text.prvCopyDataFromQueue
                0x00000000080074ac       0x4c ./Middlewares/Third_Party/FreeRTOS/Source/queue.o
 .text.prvUnlockQueue
                0x00000000080074f8       0xa4 ./Middlewares/Third_Party/FreeRTOS/Source/queue.o
 .text.prvIsQueueEmpty
                0x000000000800759c       0x2c ./Middlewares/Third_Party/FreeRTOS/Source/queue.o
 .text.prvIsQueueFull
                0x00000000080075c8       0x30 ./Middlewares/Third_Party/FreeRTOS/Source/queue.o
 .text.vQueueAddToRegistry
                0x00000000080075f8       0x50 ./Middlewares/Third_Party/FreeRTOS/Source/queue.o
                0x00000000080075f8                vQueueAddToRegistry
 .text.vQueueWaitForMessageRestricted
                0x0000000008007648       0x68 ./Middlewares/Third_Party/FreeRTOS/Source/queue.o
                0x0000000008007648                vQueueWaitForMessageRestricted
 .text.xTaskCreateStatic
                0x00000000080076b0       0xb8 ./Middlewares/Third_Party/FreeRTOS/Source/tasks.o
                0x00000000080076b0                xTaskCreateStatic
 .text.xTaskCreate
                0x0000000008007768       0x8a ./Middlewares/Third_Party/FreeRTOS/Source/tasks.o
                0x0000000008007768                xTaskCreate
 *fill*         0x00000000080077f2        0x2 
 .text.prvInitialiseNewTask
                0x00000000080077f4      0x13c ./Middlewares/Third_Party/FreeRTOS/Source/tasks.o
 .text.prvAddNewTaskToReadyList
                0x0000000008007930       0xe0 ./Middlewares/Third_Party/FreeRTOS/Source/tasks.o
 .text.vTaskDelete
                0x0000000008007a10       0xe4 ./Middlewares/Third_Party/FreeRTOS/Source/tasks.o
                0x0000000008007a10                vTaskDelete
 .text.vTaskDelay
                0x0000000008007af4       0x68 ./Middlewares/Third_Party/FreeRTOS/Source/tasks.o
                0x0000000008007af4                vTaskDelay
 .text.vTaskStartScheduler
                0x0000000008007b5c       0xe0 ./Middlewares/Third_Party/FreeRTOS/Source/tasks.o
                0x0000000008007b5c                vTaskStartScheduler
 .text.vTaskSuspendAll
                0x0000000008007c3c       0x1c ./Middlewares/Third_Party/FreeRTOS/Source/tasks.o
                0x0000000008007c3c                vTaskSuspendAll
 .text.xTaskResumeAll
                0x0000000008007c58      0x13c ./Middlewares/Third_Party/FreeRTOS/Source/tasks.o
                0x0000000008007c58                xTaskResumeAll
 .text.xTaskGetTickCount
                0x0000000008007d94       0x1c ./Middlewares/Third_Party/FreeRTOS/Source/tasks.o
                0x0000000008007d94                xTaskGetTickCount
 .text.xTaskIncrementTick
                0x0000000008007db0      0x17c ./Middlewares/Third_Party/FreeRTOS/Source/tasks.o
                0x0000000008007db0                xTaskIncrementTick
 .text.vTaskSwitchContext
                0x0000000008007f2c       0xe8 ./Middlewares/Third_Party/FreeRTOS/Source/tasks.o
                0x0000000008007f2c                vTaskSwitchContext
 .text.vTaskPlaceOnEventList
                0x0000000008008014       0x48 ./Middlewares/Third_Party/FreeRTOS/Source/tasks.o
                0x0000000008008014                vTaskPlaceOnEventList
 .text.vTaskPlaceOnEventListRestricted
                0x000000000800805c       0x58 ./Middlewares/Third_Party/FreeRTOS/Source/tasks.o
                0x000000000800805c                vTaskPlaceOnEventListRestricted
 .text.xTaskRemoveFromEventList
                0x00000000080080b4       0xc8 ./Middlewares/Third_Party/FreeRTOS/Source/tasks.o
                0x00000000080080b4                xTaskRemoveFromEventList
 .text.vTaskInternalSetTimeOutState
                0x000000000800817c       0x2c ./Middlewares/Third_Party/FreeRTOS/Source/tasks.o
                0x000000000800817c                vTaskInternalSetTimeOutState
 .text.xTaskCheckForTimeOut
                0x00000000080081a8       0xc4 ./Middlewares/Third_Party/FreeRTOS/Source/tasks.o
                0x00000000080081a8                xTaskCheckForTimeOut
 .text.vTaskMissedYield
                0x000000000800826c       0x18 ./Middlewares/Third_Party/FreeRTOS/Source/tasks.o
                0x000000000800826c                vTaskMissedYield
 .text.prvIdleTask
                0x0000000008008284       0x30 ./Middlewares/Third_Party/FreeRTOS/Source/tasks.o
 .text.prvInitialiseTaskLists
                0x00000000080082b4       0x80 ./Middlewares/Third_Party/FreeRTOS/Source/tasks.o
 .text.prvCheckTasksWaitingTermination
                0x0000000008008334       0x5c ./Middlewares/Third_Party/FreeRTOS/Source/tasks.o
 .text.prvDeleteTCB
                0x0000000008008390       0x68 ./Middlewares/Third_Party/FreeRTOS/Source/tasks.o
 .text.prvResetNextTaskUnblockTime
                0x00000000080083f8       0x48 ./Middlewares/Third_Party/FreeRTOS/Source/tasks.o
 .text.xTaskGetSchedulerState
                0x0000000008008440       0x3c ./Middlewares/Third_Party/FreeRTOS/Source/tasks.o
                0x0000000008008440                xTaskGetSchedulerState
 .text.xTaskPriorityDisinherit
                0x000000000800847c       0xdc ./Middlewares/Third_Party/FreeRTOS/Source/tasks.o
                0x000000000800847c                xTaskPriorityDisinherit
 .text.prvAddCurrentTaskToDelayedList
                0x0000000008008558       0xa8 ./Middlewares/Third_Party/FreeRTOS/Source/tasks.o
 .text.xTimerCreateTimerTask
                0x0000000008008600       0x90 ./Middlewares/Third_Party/FreeRTOS/Source/timers.o
                0x0000000008008600                xTimerCreateTimerTask
 .text.xTimerCreate
                0x0000000008008690       0x42 ./Middlewares/Third_Party/FreeRTOS/Source/timers.o
                0x0000000008008690                xTimerCreate
 .text.prvInitialiseNewTimer
                0x00000000080086d2       0x64 ./Middlewares/Third_Party/FreeRTOS/Source/timers.o
 *fill*         0x0000000008008736        0x2 
 .text.xTimerGenericCommand
                0x0000000008008738       0x9c ./Middlewares/Third_Party/FreeRTOS/Source/timers.o
                0x0000000008008738                xTimerGenericCommand
 .text.prvProcessExpiredTimer
                0x00000000080087d4       0x80 ./Middlewares/Third_Party/FreeRTOS/Source/timers.o
 .text.prvTimerTask
                0x0000000008008854       0x24 ./Middlewares/Third_Party/FreeRTOS/Source/timers.o
 .text.prvProcessTimerOrBlockTask
                0x0000000008008878       0x9c ./Middlewares/Third_Party/FreeRTOS/Source/timers.o
 .text.prvGetNextExpireTime
                0x0000000008008914       0x48 ./Middlewares/Third_Party/FreeRTOS/Source/timers.o
 .text.prvSampleTimeNow
                0x000000000800895c       0x40 ./Middlewares/Third_Party/FreeRTOS/Source/timers.o
 .text.prvInsertTimerInActiveList
                0x000000000800899c       0x84 ./Middlewares/Third_Party/FreeRTOS/Source/timers.o
 .text.prvProcessReceivedCommands
                0x0000000008008a20      0x168 ./Middlewares/Third_Party/FreeRTOS/Source/timers.o
 .text.prvSwitchTimerLists
                0x0000000008008b88       0xc4 ./Middlewares/Third_Party/FreeRTOS/Source/timers.o
 .text.prvCheckForValidListAndQueue
                0x0000000008008c4c       0x80 ./Middlewares/Third_Party/FreeRTOS/Source/timers.o
 .text.pvTimerGetTimerID
                0x0000000008008ccc       0x40 ./Middlewares/Third_Party/FreeRTOS/Source/timers.o
                0x0000000008008ccc                pvTimerGetTimerID
 .text.pxPortInitialiseStack
                0x0000000008008d0c       0x58 ./Middlewares/Third_Party/FreeRTOS/Source/portable/GCC/ARM_CM3/port.o
                0x0000000008008d0c                pxPortInitialiseStack
 .text.prvTaskExitError
                0x0000000008008d64       0x58 ./Middlewares/Third_Party/FreeRTOS/Source/portable/GCC/ARM_CM3/port.o
 *fill*         0x0000000008008dbc        0x4 
 .text.SVC_Handler
                0x0000000008008dc0       0x28 ./Middlewares/Third_Party/FreeRTOS/Source/portable/GCC/ARM_CM3/port.o
                0x0000000008008dc0                SVC_Handler
 .text.prvPortStartFirstTask
                0x0000000008008de8       0x20 ./Middlewares/Third_Party/FreeRTOS/Source/portable/GCC/ARM_CM3/port.o
 .text.xPortStartScheduler
                0x0000000008008e08       0xe4 ./Middlewares/Third_Party/FreeRTOS/Source/portable/GCC/ARM_CM3/port.o
                0x0000000008008e08                xPortStartScheduler
 .text.vPortEnterCritical
                0x0000000008008eec       0x60 ./Middlewares/Third_Party/FreeRTOS/Source/portable/GCC/ARM_CM3/port.o
                0x0000000008008eec                vPortEnterCritical
 .text.vPortExitCritical
                0x0000000008008f4c       0x50 ./Middlewares/Third_Party/FreeRTOS/Source/portable/GCC/ARM_CM3/port.o
                0x0000000008008f4c                vPortExitCritical
 *fill*         0x0000000008008f9c        0x4 
 .text.PendSV_Handler
                0x0000000008008fa0       0x48 ./Middlewares/Third_Party/FreeRTOS/Source/portable/GCC/ARM_CM3/port.o
                0x0000000008008fa0                PendSV_Handler
 .text.SysTick_Handler
                0x0000000008008fe8       0x44 ./Middlewares/Third_Party/FreeRTOS/Source/portable/GCC/ARM_CM3/port.o
                0x0000000008008fe8                SysTick_Handler
 .text.vPortSetupTimerInterrupt
                0x000000000800902c       0x44 ./Middlewares/Third_Party/FreeRTOS/Source/portable/GCC/ARM_CM3/port.o
                0x000000000800902c                vPortSetupTimerInterrupt
 .text.vPortValidateInterruptPriority
                0x0000000008009070       0x7c ./Middlewares/Third_Party/FreeRTOS/Source/portable/GCC/ARM_CM3/port.o
                0x0000000008009070                vPortValidateInterruptPriority
 .text.pvPortMalloc
                0x00000000080090ec       0x24 ./Middlewares/Third_Party/FreeRTOS/Source/portable/MemMang/heap_3.o
                0x00000000080090ec                pvPortMalloc
 .text.vPortFree
                0x0000000008009110       0x24 ./Middlewares/Third_Party/FreeRTOS/Source/portable/MemMang/heap_3.o
                0x0000000008009110                vPortFree
 .text._ZdlPvj  0x0000000008009134        0x4 /opt/st/stm32cubeide_1.13.2/plugins/com.st.stm32cube.ide.mcu.externaltools.gnu-tools-for-stm32.11.3.rel1.linux64_1.1.1.202309131626/tools/bin/../lib/gcc/arm-none-eabi/11.3.1/../../../../arm-none-eabi/lib/thumb/v7-m/nofp/libstdc++_nano.a(del_ops.o)
                0x0000000008009134                operator delete(void*, unsigned int)
 .text._Znwj    0x0000000008009138       0x22 /opt/st/stm32cubeide_1.13.2/plugins/com.st.stm32cube.ide.mcu.externaltools.gnu-tools-for-stm32.11.3.rel1.linux64_1.1.1.202309131626/tools/bin/../lib/gcc/arm-none-eabi/11.3.1/../../../../arm-none-eabi/lib/thumb/v7-m/nofp/libstdc++_nano.a(new_op.o)
                0x0000000008009138                operator new(unsigned int)
 .text.unlikely._ZSt25__throw_bad_function_callv
                0x000000000800915a        0x6 /opt/st/stm32cubeide_1.13.2/plugins/com.st.stm32cube.ide.mcu.externaltools.gnu-tools-for-stm32.11.3.rel1.linux64_1.1.1.202309131626/tools/bin/../lib/gcc/arm-none-eabi/11.3.1/../../../../arm-none-eabi/lib/thumb/v7-m/nofp/libstdc++_nano.a(functional.o)
                0x000000000800915a                std::__throw_bad_function_call()
 .text._ZdlPv   0x0000000008009160        0x4 /opt/st/stm32cubeide_1.13.2/plugins/com.st.stm32cube.ide.mcu.externaltools.gnu-tools-for-stm32.11.3.rel1.linux64_1.1.1.202309131626/tools/bin/../lib/gcc/arm-none-eabi/11.3.1/../../../../arm-none-eabi/lib/thumb/v7-m/nofp/libstdc++_nano.a(del_op.o)
                0x0000000008009160                operator delete(void*)
 .text._ZSt15get_new_handlerv
                0x0000000008009164       0x10 /opt/st/stm32cubeide_1.13.2/plugins/com.st.stm32cube.ide.mcu.externaltools.gnu-tools-for-stm32.11.3.rel1.linux64_1.1.1.202309131626/tools/bin/../lib/gcc/arm-none-eabi/11.3.1/../../../../arm-none-eabi/lib/thumb/v7-m/nofp/libstdc++_nano.a(new_handler.o)
                0x0000000008009164                std::get_new_handler()
 .text.abort    0x0000000008009174        0xe /opt/st/stm32cubeide_1.13.2/plugins/com.st.stm32cube.ide.mcu.externaltools.gnu-tools-for-stm32.11.3.rel1.linux64_1.1.1.202309131626/tools/bin/../lib/gcc/arm-none-eabi/11.3.1/../../../../arm-none-eabi/lib/thumb/v7-m/nofp/libc_nano.a(libc_a-abort.o)
                0x0000000008009174                abort
 *fill*         0x0000000008009182        0x2 
 .text.malloc   0x0000000008009184       0x10 /opt/st/stm32cubeide_1.13.2/plugins/com.st.stm32cube.ide.mcu.externaltools.gnu-tools-for-stm32.11.3.rel1.linux64_1.1.1.202309131626/tools/bin/../lib/gcc/arm-none-eabi/11.3.1/../../../../arm-none-eabi/lib/thumb/v7-m/nofp/libc_nano.a(libc_a-malloc.o)
                0x0000000008009184                malloc
 .text.free     0x0000000008009194       0x10 /opt/st/stm32cubeide_1.13.2/plugins/com.st.stm32cube.ide.mcu.externaltools.gnu-tools-for-stm32.11.3.rel1.linux64_1.1.1.202309131626/tools/bin/../lib/gcc/arm-none-eabi/11.3.1/../../../../arm-none-eabi/lib/thumb/v7-m/nofp/libc_nano.a(libc_a-malloc.o)
                0x0000000008009194                free
 .text.sbrk_aligned
                0x00000000080091a4       0x40 /opt/st/stm32cubeide_1.13.2/plugins/com.st.stm32cube.ide.mcu.externaltools.gnu-tools-for-stm32.11.3.rel1.linux64_1.1.1.202309131626/tools/bin/../lib/gcc/arm-none-eabi/11.3.1/../../../../arm-none-eabi/lib/thumb/v7-m/nofp/libc_nano.a(libc_a-mallocr.o)
 .text._malloc_r
                0x00000000080091e4      0x100 /opt/st/stm32cubeide_1.13.2/plugins/com.st.stm32cube.ide.mcu.externaltools.gnu-tools-for-stm32.11.3.rel1.linux64_1.1.1.202309131626/tools/bin/../lib/gcc/arm-none-eabi/11.3.1/../../../../arm-none-eabi/lib/thumb/v7-m/nofp/libc_nano.a(libc_a-mallocr.o)
                0x00000000080091e4                _malloc_r
 .text.__malloc_lock
                0x00000000080092e4        0xc /opt/st/stm32cubeide_1.13.2/plugins/com.st.stm32cube.ide.mcu.externaltools.gnu-tools-for-stm32.11.3.rel1.linux64_1.1.1.202309131626/tools/bin/../lib/gcc/arm-none-eabi/11.3.1/../../../../arm-none-eabi/lib/thumb/v7-m/nofp/libc_nano.a(libc_a-mlock.o)
                0x00000000080092e4                __malloc_lock
 .text.__malloc_unlock
                0x00000000080092f0        0xc /opt/st/stm32cubeide_1.13.2/plugins/com.st.stm32cube.ide.mcu.externaltools.gnu-tools-for-stm32.11.3.rel1.linux64_1.1.1.202309131626/tools/bin/../lib/gcc/arm-none-eabi/11.3.1/../../../../arm-none-eabi/lib/thumb/v7-m/nofp/libc_nano.a(libc_a-mlock.o)
                0x00000000080092f0                __malloc_unlock
 .text.memset   0x00000000080092fc       0x10 /opt/st/stm32cubeide_1.13.2/plugins/com.st.stm32cube.ide.mcu.externaltools.gnu-tools-for-stm32.11.3.rel1.linux64_1.1.1.202309131626/tools/bin/../lib/gcc/arm-none-eabi/11.3.1/../../../../arm-none-eabi/lib/thumb/v7-m/nofp/libc_nano.a(libc_a-memset.o)
                0x00000000080092fc                memset
 .text._raise_r
                0x000000000800930c       0x50 /opt/st/stm32cubeide_1.13.2/plugins/com.st.stm32cube.ide.mcu.externaltools.gnu-tools-for-stm32.11.3.rel1.linux64_1.1.1.202309131626/tools/bin/../lib/gcc/arm-none-eabi/11.3.1/../../../../arm-none-eabi/lib/thumb/v7-m/nofp/libc_nano.a(libc_a-signal.o)
                0x000000000800930c                _raise_r
 .text.raise    0x000000000800935c       0x10 /opt/st/stm32cubeide_1.13.2/plugins/com.st.stm32cube.ide.mcu.externaltools.gnu-tools-for-stm32.11.3.rel1.linux64_1.1.1.202309131626/tools/bin/../lib/gcc/arm-none-eabi/11.3.1/../../../../arm-none-eabi/lib/thumb/v7-m/nofp/libc_nano.a(libc_a-signal.o)
                0x000000000800935c                raise
 .text._reclaim_reent
                0x000000000800936c       0xac /opt/st/stm32cubeide_1.13.2/plugins/com.st.stm32cube.ide.mcu.externaltools.gnu-tools-for-stm32.11.3.rel1.linux64_1.1.1.202309131626/tools/bin/../lib/gcc/arm-none-eabi/11.3.1/../../../../arm-none-eabi/lib/thumb/v7-m/nofp/libc_nano.a(libc_a-reent.o)
                0x000000000800936c                _reclaim_reent
 .text._kill_r  0x0000000008009418       0x24 /opt/st/stm32cubeide_1.13.2/plugins/com.st.stm32cube.ide.mcu.externaltools.gnu-tools-for-stm32.11.3.rel1.linux64_1.1.1.202309131626/tools/bin/../lib/gcc/arm-none-eabi/11.3.1/../../../../arm-none-eabi/lib/thumb/v7-m/nofp/libc_nano.a(libc_a-signalr.o)
                0x0000000008009418                _kill_r
 .text._getpid_r
                0x000000000800943c        0x4 /opt/st/stm32cubeide_1.13.2/plugins/com.st.stm32cube.ide.mcu.externaltools.gnu-tools-for-stm32.11.3.rel1.linux64_1.1.1.202309131626/tools/bin/../lib/gcc/arm-none-eabi/11.3.1/../../../../arm-none-eabi/lib/thumb/v7-m/nofp/libc_nano.a(libc_a-signalr.o)
                0x000000000800943c                _getpid_r
 .text._sbrk_r  0x0000000008009440       0x20 /opt/st/stm32cubeide_1.13.2/plugins/com.st.stm32cube.ide.mcu.externaltools.gnu-tools-for-stm32.11.3.rel1.linux64_1.1.1.202309131626/tools/bin/../lib/gcc/arm-none-eabi/11.3.1/../../../../arm-none-eabi/lib/thumb/v7-m/nofp/libc_nano.a(libc_a-sbrkr.o)
                0x0000000008009440                _sbrk_r
 .text.__errno  0x0000000008009460        0xc /opt/st/stm32cubeide_1.13.2/plugins/com.st.stm32cube.ide.mcu.externaltools.gnu-tools-for-stm32.11.3.rel1.linux64_1.1.1.202309131626/tools/bin/../lib/gcc/arm-none-eabi/11.3.1/../../../../arm-none-eabi/lib/thumb/v7-m/nofp/libc_nano.a(libc_a-errno.o)
                0x0000000008009460                __errno
 .text.__libc_init_array
                0x000000000800946c       0x48 /opt/st/stm32cubeide_1.13.2/plugins/com.st.stm32cube.ide.mcu.externaltools.gnu-tools-for-stm32.11.3.rel1.linux64_1.1.1.202309131626/tools/bin/../lib/gcc/arm-none-eabi/11.3.1/../../../../arm-none-eabi/lib/thumb/v7-m/nofp/libc_nano.a(libc_a-init.o)
                0x000000000800946c                __libc_init_array
 .text.__retarget_lock_acquire_recursive
                0x00000000080094b4        0x2 /opt/st/stm32cubeide_1.13.2/plugins/com.st.stm32cube.ide.mcu.externaltools.gnu-tools-for-stm32.11.3.rel1.linux64_1.1.1.202309131626/tools/bin/../lib/gcc/arm-none-eabi/11.3.1/../../../../arm-none-eabi/lib/thumb/v7-m/nofp/libc_nano.a(libc_a-lock.o)
                0x00000000080094b4                __retarget_lock_acquire_recursive
 .text.__retarget_lock_release_recursive
                0x00000000080094b6        0x2 /opt/st/stm32cubeide_1.13.2/plugins/com.st.stm32cube.ide.mcu.externaltools.gnu-tools-for-stm32.11.3.rel1.linux64_1.1.1.202309131626/tools/bin/../lib/gcc/arm-none-eabi/11.3.1/../../../../arm-none-eabi/lib/thumb/v7-m/nofp/libc_nano.a(libc_a-lock.o)
                0x00000000080094b6                __retarget_lock_release_recursive
 .text.memcpy   0x00000000080094b8       0x1c /opt/st/stm32cubeide_1.13.2/plugins/com.st.stm32cube.ide.mcu.externaltools.gnu-tools-for-stm32.11.3.rel1.linux64_1.1.1.202309131626/tools/bin/../lib/gcc/arm-none-eabi/11.3.1/../../../../arm-none-eabi/lib/thumb/v7-m/nofp/libc_nano.a(libc_a-memcpy-stub.o)
                0x00000000080094b8                memcpy
 .text._free_r  0x00000000080094d4       0x90 /opt/st/stm32cubeide_1.13.2/plugins/com.st.stm32cube.ide.mcu.externaltools.gnu-tools-for-stm32.11.3.rel1.linux64_1.1.1.202309131626/tools/bin/../lib/gcc/arm-none-eabi/11.3.1/../../../../arm-none-eabi/lib/thumb/v7-m/nofp/libc_nano.a(libc_a-freer.o)
                0x00000000080094d4                _free_r
 *(.glue_7)
 .glue_7        0x0000000008009564        0x0 linker stubs
 *(.glue_7t)
 .glue_7t       0x0000000008009564        0x0 linker stubs
 *(.eh_frame)
 .eh_frame      0x0000000008009564        0x0 /opt/st/stm32cubeide_1.13.2/plugins/com.st.stm32cube.ide.mcu.externaltools.gnu-tools-for-stm32.11.3.rel1.linux64_1.1.1.202309131626/tools/bin/../lib/gcc/arm-none-eabi/11.3.1/thumb/v7-m/nofp/crtbegin.o
 *(.init)
 .init          0x0000000008009564        0x4 /opt/st/stm32cubeide_1.13.2/plugins/com.st.stm32cube.ide.mcu.externaltools.gnu-tools-for-stm32.11.3.rel1.linux64_1.1.1.202309131626/tools/bin/../lib/gcc/arm-none-eabi/11.3.1/thumb/v7-m/nofp/crti.o
                0x0000000008009564                _init
 .init          0x0000000008009568        0x8 /opt/st/stm32cubeide_1.13.2/plugins/com.st.stm32cube.ide.mcu.externaltools.gnu-tools-for-stm32.11.3.rel1.linux64_1.1.1.202309131626/tools/bin/../lib/gcc/arm-none-eabi/11.3.1/thumb/v7-m/nofp/crtn.o
 *(.fini)
 .fini          0x0000000008009570        0x4 /opt/st/stm32cubeide_1.13.2/plugins/com.st.stm32cube.ide.mcu.externaltools.gnu-tools-for-stm32.11.3.rel1.linux64_1.1.1.202309131626/tools/bin/../lib/gcc/arm-none-eabi/11.3.1/thumb/v7-m/nofp/crti.o
                0x0000000008009570                _fini
 .fini          0x0000000008009574        0x8 /opt/st/stm32cubeide_1.13.2/plugins/com.st.stm32cube.ide.mcu.externaltools.gnu-tools-for-stm32.11.3.rel1.linux64_1.1.1.202309131626/tools/bin/../lib/gcc/arm-none-eabi/11.3.1/thumb/v7-m/nofp/crtn.o
                0x000000000800957c                . = ALIGN (0x4)
                0x000000000800957c                _etext = .

.vfp11_veneer   0x000000000800957c        0x0
 .vfp11_veneer  0x000000000800957c        0x0 linker stubs

.v4_bx          0x000000000800957c        0x0
 .v4_bx         0x000000000800957c        0x0 linker stubs

.iplt           0x000000000800957c        0x0
 .iplt          0x000000000800957c        0x0 /opt/st/stm32cubeide_1.13.2/plugins/com.st.stm32cube.ide.mcu.externaltools.gnu-tools-for-stm32.11.3.rel1.linux64_1.1.1.202309131626/tools/bin/../lib/gcc/arm-none-eabi/11.3.1/thumb/v7-m/nofp/crtbegin.o

.rodata         0x000000000800957c      0x3b0
                0x000000000800957c                . = ALIGN (0x4)
 *(.rodata)
 .rodata        0x000000000800957c       0x16 ./Core/Src/Pin.o
 *fill*         0x0000000008009592        0x2 
 .rodata        0x0000000008009594       0x82 ./Core/Src/d_main.o
 *fill*         0x0000000008009616        0x2 
 .rodata        0x0000000008009618        0xc ./Core/Src/freertos.o
 .rodata        0x0000000008009624       0x3b ./Drivers/STM32F1xx_HAL_Driver/Src/stm32f1xx_hal_cortex.o
 *fill*         0x000000000800965f        0x1 
 .rodata        0x0000000008009660       0x39 ./Drivers/STM32F1xx_HAL_Driver/Src/stm32f1xx_hal_gpio.o
 *fill*         0x0000000008009699        0x3 
 .rodata        0x000000000800969c       0x48 ./Drivers/STM32F1xx_HAL_Driver/Src/stm32f1xx_hal_rcc.o
 .rodata        0x00000000080096e4       0x4c ./Drivers/STM32F1xx_HAL_Driver/Src/stm32f1xx_hal_rcc_ex.o
 .rodata        0x0000000008009730       0x38 ./Drivers/STM32F1xx_HAL_Driver/Src/stm32f1xx_hal_rtc.o
 .rodata        0x0000000008009768       0x38 ./Drivers/STM32F1xx_HAL_Driver/Src/stm32f1xx_hal_tim.o
 .rodata        0x00000000080097a0       0x3b ./Drivers/STM32F1xx_HAL_Driver/Src/stm32f1xx_hal_tim_ex.o
 *fill*         0x00000000080097db        0x1 
 .rodata        0x00000000080097dc        0x5 ./Middlewares/Third_Party/FreeRTOS/Source/tasks.o
 *fill*         0x00000000080097e1        0x3 
 .rodata        0x00000000080097e4        0xd ./Middlewares/Third_Party/FreeRTOS/Source/timers.o
 *(.rodata*)
 *fill*         0x00000000080097f1        0x3 
 .rodata._ZTV5Clock
                0x00000000080097f4       0x1c ./Core/Src/Clock.o
                0x00000000080097f4                vtable for Clock
 .rodata._ZTV4GPin
                0x0000000008009810       0x1c ./Core/Src/GPin.o
                0x0000000008009810                vtable for GPin
 .rodata._ZTV4Gpio
                0x000000000800982c        0xc ./Core/Src/Gpio.o
                0x000000000800982c                vtable for Gpio
 .rodata._ZTV4Menu
                0x0000000008009838       0x1c ./Core/Src/Menu.o
                0x0000000008009838                vtable for Menu
 .rodata._ZTV6Object
                0x0000000008009854       0x18 ./Core/Src/Object.o
                0x0000000008009854                vtable for Object
 .rodata._ZTV3PWM
                0x000000000800986c       0x18 ./Core/Src/PWM.o
                0x000000000800986c                vtable for PWM
 .rodata._ZTV3Pin
                0x0000000008009884       0x1c ./Core/Src/Pin.o
                0x0000000008009884                vtable for Pin
 .rodata._ZTV13PinController
                0x00000000080098a0       0x18 ./Core/Src/PinController.o
                0x00000000080098a0                vtable for PinController
 .rodata._ZTV13SoftwareTimer
                0x00000000080098b8       0x1c ./Core/Src/SoftwareTimer.o
                0x00000000080098b8                vtable for SoftwareTimer
 .rodata._ZTV4Task
                0x00000000080098d4       0x1c ./Core/Src/Task.o
                0x00000000080098d4                vtable for Task
 .rodata.defaultTask_attributes
                0x00000000080098f0       0x24 ./Core/Src/freertos.o
                0x00000000080098f0                defaultTask_attributes
 .rodata.AHBPrescTable
                0x0000000008009914       0x10 ./Core/Src/system_stm32f1xx.o
                0x0000000008009914                AHBPrescTable
 .rodata.APBPrescTable
                0x0000000008009924        0x8 ./Core/Src/system_stm32f1xx.o
                0x0000000008009924                APBPrescTable
                0x000000000800992c                . = ALIGN (0x4)

.rel.dyn        0x000000000800992c        0x0
 .rel.iplt      0x000000000800992c        0x0 /opt/st/stm32cubeide_1.13.2/plugins/com.st.stm32cube.ide.mcu.externaltools.gnu-tools-for-stm32.11.3.rel1.linux64_1.1.1.202309131626/tools/bin/../lib/gcc/arm-none-eabi/11.3.1/thumb/v7-m/nofp/crtbegin.o

.ARM.extab      0x000000000800992c        0x0
                0x000000000800992c                . = ALIGN (0x4)
 *(.ARM.extab* .gnu.linkonce.armextab.*)
                0x000000000800992c                . = ALIGN (0x4)

.ARM            0x000000000800992c        0x0
                0x000000000800992c                . = ALIGN (0x4)
                0x000000000800992c                __exidx_start = .
 *(.ARM.exidx*)
                0x000000000800992c                __exidx_end = .
                0x000000000800992c                . = ALIGN (0x4)

.preinit_array  0x000000000800992c        0x0
                0x000000000800992c                . = ALIGN (0x4)
                0x000000000800992c                PROVIDE (__preinit_array_start = .)
 *(.preinit_array*)
                0x000000000800992c                PROVIDE (__preinit_array_end = .)
                0x000000000800992c                . = ALIGN (0x4)

.init_array     0x000000000800992c        0xc
                0x000000000800992c                . = ALIGN (0x4)
                0x000000000800992c                PROVIDE (__init_array_start = .)
 *(SORT_BY_NAME(.init_array.*))
 *(.init_array*)
 .init_array    0x000000000800992c        0x4 /opt/st/stm32cubeide_1.13.2/plugins/com.st.stm32cube.ide.mcu.externaltools.gnu-tools-for-stm32.11.3.rel1.linux64_1.1.1.202309131626/tools/bin/../lib/gcc/arm-none-eabi/11.3.1/thumb/v7-m/nofp/crtbegin.o
 .init_array    0x0000000008009930        0x4 ./Core/Src/Gpio.o
 .init_array    0x0000000008009934        0x4 ./Core/Src/d_main.o
                0x0000000008009938                PROVIDE (__init_array_end = .)
                0x0000000008009938                . = ALIGN (0x4)

.fini_array     0x0000000008009938        0x8
                0x0000000008009938                . = ALIGN (0x4)
                [!provide]                        PROVIDE (__fini_array_start = .)
 *(SORT_BY_NAME(.fini_array.*))
 *(.fini_array*)
 .fini_array    0x0000000008009938        0x4 /opt/st/stm32cubeide_1.13.2/plugins/com.st.stm32cube.ide.mcu.externaltools.gnu-tools-for-stm32.11.3.rel1.linux64_1.1.1.202309131626/tools/bin/../lib/gcc/arm-none-eabi/11.3.1/thumb/v7-m/nofp/crtbegin.o
 .fini_array    0x000000000800993c        0x4 ./Core/Src/d_main.o
                [!provide]                        PROVIDE (__fini_array_end = .)
                0x0000000008009940                . = ALIGN (0x4)
                0x0000000008009940                _sidata = LOADADDR (.data)

.data           0x0000000020000000       0x60 load address 0x0000000008009940
                0x0000000020000000                . = ALIGN (0x4)
                0x0000000020000000                _sdata = .
 *(.data)
 *(.data*)
 .data.SystemCoreClock
                0x0000000020000000        0x4 ./Core/Src/system_stm32f1xx.o
                0x0000000020000000                SystemCoreClock
 .data.uwTickPrio
                0x0000000020000004        0x4 ./Drivers/STM32F1xx_HAL_Driver/Src/stm32f1xx_hal.o
                0x0000000020000004                uwTickPrio
 .data.uwTickFreq
                0x0000000020000008        0x1 ./Drivers/STM32F1xx_HAL_Driver/Src/stm32f1xx_hal.o
                0x0000000020000008                uwTickFreq
 *fill*         0x0000000020000009        0x3 
 .data.uxCriticalNesting
                0x000000002000000c        0x4 ./Middlewares/Third_Party/FreeRTOS/Source/portable/GCC/ARM_CM3/port.o
 .data._impure_data
                0x0000000020000010       0x4c /opt/st/stm32cubeide_1.13.2/plugins/com.st.stm32cube.ide.mcu.externaltools.gnu-tools-for-stm32.11.3.rel1.linux64_1.1.1.202309131626/tools/bin/../lib/gcc/arm-none-eabi/11.3.1/../../../../arm-none-eabi/lib/thumb/v7-m/nofp/libc_nano.a(libc_a-impure.o)
                0x0000000020000010                _impure_data
 .data._impure_ptr
                0x000000002000005c        0x4 /opt/st/stm32cubeide_1.13.2/plugins/com.st.stm32cube.ide.mcu.externaltools.gnu-tools-for-stm32.11.3.rel1.linux64_1.1.1.202309131626/tools/bin/../lib/gcc/arm-none-eabi/11.3.1/../../../../arm-none-eabi/lib/thumb/v7-m/nofp/libc_nano.a(libc_a-impure.o)
                0x000000002000005c                _impure_ptr
 *(.RamFunc)
 *(.RamFunc*)
                0x0000000020000060                . = ALIGN (0x4)
                0x0000000020000060                _edata = .

.igot.plt       0x0000000020000060        0x0 load address 0x00000000080099a0
 .igot.plt      0x0000000020000060        0x0 /opt/st/stm32cubeide_1.13.2/plugins/com.st.stm32cube.ide.mcu.externaltools.gnu-tools-for-stm32.11.3.rel1.linux64_1.1.1.202309131626/tools/bin/../lib/gcc/arm-none-eabi/11.3.1/thumb/v7-m/nofp/crtbegin.o
                0x0000000020000060                . = ALIGN (0x4)

.bss            0x0000000020000060     0x16e4 load address 0x00000000080099a0
                0x0000000020000060                _sbss = .
                0x0000000020000060                __bss_start__ = _sbss
 *(.bss)
 .bss           0x0000000020000060       0x1c /opt/st/stm32cubeide_1.13.2/plugins/com.st.stm32cube.ide.mcu.externaltools.gnu-tools-for-stm32.11.3.rel1.linux64_1.1.1.202309131626/tools/bin/../lib/gcc/arm-none-eabi/11.3.1/thumb/v7-m/nofp/crtbegin.o
 *(.bss*)
 .bss._ZN4Gpio11openHandlesE
                0x000000002000007c       0x40 ./Core/Src/Gpio.o
                0x000000002000007c                Gpio::openHandles
 .bss._ZN4Gpio1sE
                0x00000000200000bc        0x1 ./Core/Src/Gpio.o
                0x00000000200000bc                Gpio::s
 *fill*         0x00000000200000bd        0x3 
 .bss._ZN6Object7objectsE
                0x00000000200000c0       0xe0 ./Core/Src/Object.o
                0x00000000200000c0                Object::objects
 .bss.g_data    0x00000000200001a0        0x1 ./Core/Src/Task.o
                0x00000000200001a0                g_data
 .bss.g_power   0x00000000200001a1        0x1 ./Core/Src/Task.o
                0x00000000200001a1                g_power
 *fill*         0x00000000200001a2        0x2 
 .bss.clockPeriphPWM
                0x00000000200001a4       0x14 ./Core/Src/d_main.o
                0x00000000200001a4                clockPeriphPWM
 .bss.L1        0x00000000200001b8       0x48 ./Core/Src/d_main.o
                0x00000000200001b8                L1
 .bss.l1Controller
                0x0000000020000200       0x54 ./Core/Src/d_main.o
                0x0000000020000200                l1Controller
 .bss.L2        0x0000000020000254       0x48 ./Core/Src/d_main.o
                0x0000000020000254                L2
 .bss.l2Controller
                0x000000002000029c       0x54 ./Core/Src/d_main.o
                0x000000002000029c                l2Controller
 .bss.L3        0x00000000200002f0       0x48 ./Core/Src/d_main.o
                0x00000000200002f0                L3
 .bss.l3Controller
                0x0000000020000338       0x54 ./Core/Src/d_main.o
                0x0000000020000338                l3Controller